[2025-03-25T07:32:26.457+0000][gc] Using G1
[2025-03-25T07:32:26.463+0000][gc,init] Version: 17.0.14+7 (release)
[2025-03-25T07:32:26.463+0000][gc,init] CPUs: 8 total, 8 available
[2025-03-25T07:32:26.463+0000][gc,init] Memory: 7817M
[2025-03-25T07:32:26.463+0000][gc,init] Large Page Support: Disabled
[2025-03-25T07:32:26.463+0000][gc,init] NUMA Support: Disabled
[2025-03-25T07:32:26.464+0000][gc,init] Compressed Oops: Enabled (32-bit)
[2025-03-25T07:32:26.464+0000][gc,init] Heap Region Size: 1M
[2025-03-25T07:32:26.464+0000][gc,init] Heap Min Capacity: 1G
[2025-03-25T07:32:26.464+0000][gc,init] Heap Initial Capacity: 1G
[2025-03-25T07:32:26.464+0000][gc,init] Heap Max Capacity: 1G
[2025-03-25T07:32:26.465+0000][gc,init] Pre-touch: Disabled
[2025-03-25T07:32:26.465+0000][gc,init] Parallel Workers: 8
[2025-03-25T07:32:26.465+0000][gc,init] Concurrent Workers: 2
[2025-03-25T07:32:26.465+0000][gc,init] Concurrent Refinement Workers: 8
[2025-03-25T07:32:26.465+0000][gc,init] Periodic GC: Disabled
[2025-03-25T07:32:26.469+0000][gc,metaspace] CDS archive(s) mapped at: [0x00007f066b000000-0x00007f066ba60000-0x00007f066ba60000), size 10878976, SharedBaseAddress: 0x00007f066b000000, ArchiveRelocationMode: 1.
[2025-03-25T07:32:26.470+0000][gc,metaspace] Compressed class space mapped at: 0x00007f066c000000-0x00007f06ac000000, reserved size: 1073741824
[2025-03-25T07:32:26.470+0000][gc,metaspace] Narrow klass base: 0x00007f066b000000, Narrow klass shift: 0, Narrow klass range: 0x100000000
[2025-03-25T07:32:27.276+0000][gc,start    ] GC(0) Pause Young (Normal) (G1 Evacuation Pause)
[2025-03-25T07:32:27.278+0000][gc,task     ] GC(0) Using 8 workers of 8 for evacuation
[2025-03-25T07:32:27.286+0000][gc,phases   ] GC(0)   Pre Evacuate Collection Set: 0.2ms
[2025-03-25T07:32:27.287+0000][gc,phases   ] GC(0)   Merge Heap Roots: 0.1ms
[2025-03-25T07:32:27.288+0000][gc,phases   ] GC(0)   Evacuate Collection Set: 6.6ms
[2025-03-25T07:32:27.288+0000][gc,phases   ] GC(0)   Post Evacuate Collection Set: 1.0ms
[2025-03-25T07:32:27.288+0000][gc,phases   ] GC(0)   Other: 2.2ms
[2025-03-25T07:32:27.289+0000][gc,heap     ] GC(0) Eden regions: 51->0(44)
[2025-03-25T07:32:27.289+0000][gc,heap     ] GC(0) Survivor regions: 0->7(7)
[2025-03-25T07:32:27.290+0000][gc,heap     ] GC(0) Old regions: 0->1
[2025-03-25T07:32:27.290+0000][gc,heap     ] GC(0) Archive regions: 2->2
[2025-03-25T07:32:27.290+0000][gc,heap     ] GC(0) Humongous regions: 0->0
[2025-03-25T07:32:27.291+0000][gc,metaspace] GC(0) Metaspace: 17588K(17792K)->17588K(17792K) NonClass: 15397K(15488K)->15397K(15488K) Class: 2190K(2304K)->2190K(2304K)
[2025-03-25T07:32:27.291+0000][gc          ] GC(0) Pause Young (Normal) (G1 Evacuation Pause) 51M->8M(1024M) 15.055ms
[2025-03-25T07:32:27.292+0000][gc,cpu      ] GC(0) User=0.00s Sys=0.06s Real=0.01s
[2025-03-25T07:32:27.511+0000][gc,start    ] GC(1) Pause Young (Concurrent Start) (Metadata GC Threshold)
[2025-03-25T07:32:27.511+0000][gc,task     ] GC(1) Using 8 workers of 8 for evacuation
[2025-03-25T07:32:27.519+0000][gc,phases   ] GC(1)   Pre Evacuate Collection Set: 0.2ms
[2025-03-25T07:32:27.519+0000][gc,phases   ] GC(1)   Merge Heap Roots: 0.1ms
[2025-03-25T07:32:27.520+0000][gc,phases   ] GC(1)   Evacuate Collection Set: 5.1ms
[2025-03-25T07:32:27.520+0000][gc,phases   ] GC(1)   Post Evacuate Collection Set: 0.8ms
[2025-03-25T07:32:27.521+0000][gc,phases   ] GC(1)   Other: 1.5ms
[2025-03-25T07:32:27.521+0000][gc,heap     ] GC(1) Eden regions: 14->0(49)
[2025-03-25T07:32:27.521+0000][gc,heap     ] GC(1) Survivor regions: 7->2(7)
[2025-03-25T07:32:27.522+0000][gc,heap     ] GC(1) Old regions: 1->8
[2025-03-25T07:32:27.522+0000][gc,heap     ] GC(1) Archive regions: 2->2
[2025-03-25T07:32:27.522+0000][gc,heap     ] GC(1) Humongous regions: 0->0
[2025-03-25T07:32:27.522+0000][gc,metaspace] GC(1) Metaspace: 21340K(21504K)->21340K(21504K) NonClass: 18655K(18752K)->18655K(18752K) Class: 2684K(2752K)->2684K(2752K)
[2025-03-25T07:32:27.523+0000][gc          ] GC(1) Pause Young (Concurrent Start) (Metadata GC Threshold) 22M->9M(1024M) 12.138ms
[2025-03-25T07:32:27.523+0000][gc,cpu      ] GC(1) User=0.01s Sys=0.03s Real=0.01s
[2025-03-25T07:32:27.524+0000][gc          ] GC(2) Concurrent Mark Cycle
[2025-03-25T07:32:27.524+0000][gc,marking  ] GC(2) Concurrent Clear Claimed Marks
[2025-03-25T07:32:27.524+0000][gc,marking  ] GC(2) Concurrent Clear Claimed Marks 0.235ms
[2025-03-25T07:32:27.524+0000][gc,marking  ] GC(2) Concurrent Scan Root Regions
[2025-03-25T07:32:27.526+0000][gc,marking  ] GC(2) Concurrent Scan Root Regions 1.738ms
[2025-03-25T07:32:27.527+0000][gc,marking  ] GC(2) Concurrent Mark
[2025-03-25T07:32:27.527+0000][gc,marking  ] GC(2) Concurrent Mark From Roots
[2025-03-25T07:32:27.527+0000][gc,task     ] GC(2) Using 2 workers of 2 for marking
[2025-03-25T07:32:27.529+0000][gc,marking  ] GC(2) Concurrent Mark From Roots 2.196ms
[2025-03-25T07:32:27.529+0000][gc,marking  ] GC(2) Concurrent Preclean
[2025-03-25T07:32:27.530+0000][gc,marking  ] GC(2) Concurrent Preclean 0.235ms
[2025-03-25T07:32:27.530+0000][gc,start    ] GC(2) Pause Remark
[2025-03-25T07:32:27.532+0000][gc          ] GC(2) Pause Remark 11M->11M(1024M) 2.056ms
[2025-03-25T07:32:27.532+0000][gc,cpu      ] GC(2) User=0.01s Sys=0.00s Real=0.00s
[2025-03-25T07:32:27.532+0000][gc,marking  ] GC(2) Concurrent Mark 5.804ms
[2025-03-25T07:32:27.533+0000][gc,marking  ] GC(2) Concurrent Rebuild Remembered Sets
[2025-03-25T07:32:27.534+0000][gc,marking  ] GC(2) Concurrent Rebuild Remembered Sets 1.589ms
[2025-03-25T07:32:27.535+0000][gc,start    ] GC(2) Pause Cleanup
[2025-03-25T07:32:27.536+0000][gc          ] GC(2) Pause Cleanup 11M->11M(1024M) 0.311ms
[2025-03-25T07:32:27.536+0000][gc,cpu      ] GC(2) User=0.00s Sys=0.00s Real=0.00s
[2025-03-25T07:32:27.536+0000][gc,marking  ] GC(2) Concurrent Cleanup for Next Mark
[2025-03-25T07:32:27.541+0000][gc,marking  ] GC(2) Concurrent Cleanup for Next Mark 5.065ms
[2025-03-25T07:32:27.541+0000][gc          ] GC(2) Concurrent Mark Cycle 17.608ms
[2025-03-25T07:32:28.060+0000][gc,start    ] GC(3) Pause Young (Normal) (G1 Evacuation Pause)
[2025-03-25T07:32:28.060+0000][gc,task     ] GC(3) Using 8 workers of 8 for evacuation
[2025-03-25T07:32:28.064+0000][gc,phases   ] GC(3)   Pre Evacuate Collection Set: 0.2ms
[2025-03-25T07:32:28.065+0000][gc,phases   ] GC(3)   Merge Heap Roots: 0.1ms
[2025-03-25T07:32:28.065+0000][gc,phases   ] GC(3)   Evacuate Collection Set: 2.8ms
[2025-03-25T07:32:28.065+0000][gc,phases   ] GC(3)   Post Evacuate Collection Set: 0.7ms
[2025-03-25T07:32:28.066+0000][gc,phases   ] GC(3)   Other: 0.8ms
[2025-03-25T07:32:28.066+0000][gc,heap     ] GC(3) Eden regions: 49->0(45)
[2025-03-25T07:32:28.066+0000][gc,heap     ] GC(3) Survivor regions: 2->6(7)
[2025-03-25T07:32:28.067+0000][gc,heap     ] GC(3) Old regions: 8->8
[2025-03-25T07:32:28.067+0000][gc,heap     ] GC(3) Archive regions: 2->2
[2025-03-25T07:32:28.067+0000][gc,heap     ] GC(3) Humongous regions: 129->129
[2025-03-25T07:32:28.067+0000][gc,metaspace] GC(3) Metaspace: 32610K(32896K)->32610K(32896K) NonClass: 28818K(28928K)->28818K(28928K) Class: 3792K(3968K)->3792K(3968K)
[2025-03-25T07:32:28.068+0000][gc          ] GC(3) Pause Young (Normal) (G1 Evacuation Pause) 187M->143M(1024M) 7.884ms
[2025-03-25T07:32:28.068+0000][gc,cpu      ] GC(3) User=0.02s Sys=0.00s Real=0.01s
[2025-03-25T07:32:28.233+0000][gc,start    ] GC(4) Pause Young (Concurrent Start) (Metadata GC Threshold)
[2025-03-25T07:32:28.234+0000][gc,task     ] GC(4) Using 8 workers of 8 for evacuation
[2025-03-25T07:32:28.241+0000][gc,phases   ] GC(4)   Pre Evacuate Collection Set: 0.2ms
[2025-03-25T07:32:28.242+0000][gc,phases   ] GC(4)   Merge Heap Roots: 0.1ms
[2025-03-25T07:32:28.242+0000][gc,phases   ] GC(4)   Evacuate Collection Set: 6.1ms
[2025-03-25T07:32:28.243+0000][gc,phases   ] GC(4)   Post Evacuate Collection Set: 0.8ms
[2025-03-25T07:32:28.243+0000][gc,phases   ] GC(4)   Other: 0.9ms
[2025-03-25T07:32:28.244+0000][gc,heap     ] GC(4) Eden regions: 14->0(49)
[2025-03-25T07:32:28.244+0000][gc,heap     ] GC(4) Survivor regions: 6->2(7)
[2025-03-25T07:32:28.244+0000][gc,heap     ] GC(4) Old regions: 8->14
[2025-03-25T07:32:28.244+0000][gc,heap     ] GC(4) Archive regions: 2->2
[2025-03-25T07:32:28.245+0000][gc,heap     ] GC(4) Humongous regions: 129->129
[2025-03-25T07:32:28.245+0000][gc,metaspace] GC(4) Metaspace: 35695K(35968K)->35695K(35968K) NonClass: 31486K(31616K)->31486K(31616K) Class: 4209K(4352K)->4209K(4352K)
[2025-03-25T07:32:28.245+0000][gc          ] GC(4) Pause Young (Concurrent Start) (Metadata GC Threshold) 156M->144M(1024M) 12.210ms
[2025-03-25T07:32:28.246+0000][gc,cpu      ] GC(4) User=0.07s Sys=0.00s Real=0.02s
[2025-03-25T07:32:28.246+0000][gc          ] GC(5) Concurrent Mark Cycle
[2025-03-25T07:32:28.247+0000][gc,marking  ] GC(5) Concurrent Clear Claimed Marks
[2025-03-25T07:32:28.247+0000][gc,marking  ] GC(5) Concurrent Clear Claimed Marks 0.423ms
[2025-03-25T07:32:28.248+0000][gc,marking  ] GC(5) Concurrent Scan Root Regions
[2025-03-25T07:32:28.250+0000][gc,marking  ] GC(5) Concurrent Scan Root Regions 2.155ms
[2025-03-25T07:32:28.250+0000][gc,marking  ] GC(5) Concurrent Mark
[2025-03-25T07:32:28.250+0000][gc,marking  ] GC(5) Concurrent Mark From Roots
[2025-03-25T07:32:28.251+0000][gc,task     ] GC(5) Using 2 workers of 2 for marking
[2025-03-25T07:32:28.255+0000][gc,marking  ] GC(5) Concurrent Mark From Roots 4.511ms
[2025-03-25T07:32:28.255+0000][gc,marking  ] GC(5) Concurrent Preclean
[2025-03-25T07:32:28.255+0000][gc,marking  ] GC(5) Concurrent Preclean 0.295ms
[2025-03-25T07:32:28.256+0000][gc,start    ] GC(5) Pause Remark
[2025-03-25T07:32:28.258+0000][gc          ] GC(5) Pause Remark 145M->145M(1024M) 2.378ms
[2025-03-25T07:32:28.259+0000][gc,cpu      ] GC(5) User=0.01s Sys=0.00s Real=0.00s
[2025-03-25T07:32:28.259+0000][gc,marking  ] GC(5) Concurrent Mark 9.190ms
[2025-03-25T07:32:28.260+0000][gc,marking  ] GC(5) Concurrent Rebuild Remembered Sets
[2025-03-25T07:32:28.263+0000][gc,marking  ] GC(5) Concurrent Rebuild Remembered Sets 3.736ms
[2025-03-25T07:32:28.264+0000][gc,start    ] GC(5) Pause Cleanup
[2025-03-25T07:32:28.265+0000][gc          ] GC(5) Pause Cleanup 145M->145M(1024M) 0.474ms
[2025-03-25T07:32:28.265+0000][gc,cpu      ] GC(5) User=0.00s Sys=0.00s Real=0.00s
[2025-03-25T07:32:28.266+0000][gc,marking  ] GC(5) Concurrent Cleanup for Next Mark
[2025-03-25T07:32:28.271+0000][gc,marking  ] GC(5) Concurrent Cleanup for Next Mark 5.494ms
[2025-03-25T07:32:28.272+0000][gc          ] GC(5) Concurrent Mark Cycle 25.126ms
[2025-03-25T07:34:59.200+0000][gc,heap,exit] Heap
[2025-03-25T07:34:59.200+0000][gc,heap,exit]  garbage-first heap   total 1048576K, used 174634K [0x00000000c0000000, 0x0000000100000000)
[2025-03-25T07:34:59.201+0000][gc,heap,exit]   region size 1024K, 28 young (28672K), 2 survivors (2048K)
[2025-03-25T07:34:59.201+0000][gc,heap,exit]  Metaspace       used 39380K, committed 39872K, reserved 1114112K
[2025-03-25T07:34:59.201+0000][gc,heap,exit]   class space    used 4911K, committed 5120K, reserved 1048576K
