[2025-03-25T06:20:57.646+0000][gc] Using G1
[2025-03-25T06:20:57.652+0000][gc,init] Version: 17.0.14+7 (release)
[2025-03-25T06:20:57.653+0000][gc,init] CPUs: 8 total, 8 available
[2025-03-25T06:20:57.653+0000][gc,init] Memory: 7817M
[2025-03-25T06:20:57.653+0000][gc,init] Large Page Support: Disabled
[2025-03-25T06:20:57.653+0000][gc,init] NUMA Support: Disabled
[2025-03-25T06:20:57.654+0000][gc,init] Compressed Oops: Enabled (32-bit)
[2025-03-25T06:20:57.654+0000][gc,init] Heap Region Size: 1M
[2025-03-25T06:20:57.654+0000][gc,init] Heap Min Capacity: 1G
[2025-03-25T06:20:57.654+0000][gc,init] Heap Initial Capacity: 1G
[2025-03-25T06:20:57.654+0000][gc,init] Heap Max Capacity: 1G
[2025-03-25T06:20:57.655+0000][gc,init] Pre-touch: Disabled
[2025-03-25T06:20:57.655+0000][gc,init] Parallel Workers: 8
[2025-03-25T06:20:57.655+0000][gc,init] Concurrent Workers: 2
[2025-03-25T06:20:57.655+0000][gc,init] Concurrent Refinement Workers: 8
[2025-03-25T06:20:57.655+0000][gc,init] Periodic GC: Disabled
[2025-03-25T06:20:57.659+0000][gc,metaspace] CDS archive(s) mapped at: [0x00007f8327000000-0x00007f8327a60000-0x00007f8327a60000), size 10878976, SharedBaseAddress: 0x00007f8327000000, ArchiveRelocationMode: 1.
[2025-03-25T06:20:57.660+0000][gc,metaspace] Compressed class space mapped at: 0x00007f8328000000-0x00007f8368000000, reserved size: 1073741824
[2025-03-25T06:20:57.660+0000][gc,metaspace] Narrow klass base: 0x00007f8327000000, Narrow klass shift: 0, Narrow klass range: 0x100000000
[2025-03-25T06:20:58.485+0000][gc,start    ] GC(0) Pause Young (Normal) (G1 Evacuation Pause)
[2025-03-25T06:20:58.486+0000][gc,task     ] GC(0) Using 8 workers of 8 for evacuation
[2025-03-25T06:20:58.495+0000][gc,phases   ] GC(0)   Pre Evacuate Collection Set: 0.2ms
[2025-03-25T06:20:58.495+0000][gc,phases   ] GC(0)   Merge Heap Roots: 0.2ms
[2025-03-25T06:20:58.495+0000][gc,phases   ] GC(0)   Evacuate Collection Set: 6.7ms
[2025-03-25T06:20:58.496+0000][gc,phases   ] GC(0)   Post Evacuate Collection Set: 0.8ms
[2025-03-25T06:20:58.496+0000][gc,phases   ] GC(0)   Other: 2.1ms
[2025-03-25T06:20:58.496+0000][gc,heap     ] GC(0) Eden regions: 51->0(44)
[2025-03-25T06:20:58.497+0000][gc,heap     ] GC(0) Survivor regions: 0->7(7)
[2025-03-25T06:20:58.497+0000][gc,heap     ] GC(0) Old regions: 0->1
[2025-03-25T06:20:58.497+0000][gc,heap     ] GC(0) Archive regions: 2->2
[2025-03-25T06:20:58.498+0000][gc,heap     ] GC(0) Humongous regions: 0->0
[2025-03-25T06:20:58.498+0000][gc,metaspace] GC(0) Metaspace: 17594K(17856K)->17594K(17856K) NonClass: 15405K(15552K)->15405K(15552K) Class: 2189K(2304K)->2189K(2304K)
[2025-03-25T06:20:58.498+0000][gc          ] GC(0) Pause Young (Normal) (G1 Evacuation Pause) 51M->8M(1024M) 13.519ms
[2025-03-25T06:20:58.498+0000][gc,cpu      ] GC(0) User=0.05s Sys=0.01s Real=0.01s
[2025-03-25T06:20:59.074+0000][gc,start    ] GC(1) Pause Young (Concurrent Start) (Metadata GC Threshold)
[2025-03-25T06:20:59.075+0000][gc,task     ] GC(1) Using 8 workers of 8 for evacuation
[2025-03-25T06:20:59.094+0000][gc,phases   ] GC(1)   Pre Evacuate Collection Set: 0.3ms
[2025-03-25T06:20:59.095+0000][gc,phases   ] GC(1)   Merge Heap Roots: 0.2ms
[2025-03-25T06:20:59.095+0000][gc,phases   ] GC(1)   Evacuate Collection Set: 17.9ms
[2025-03-25T06:20:59.095+0000][gc,phases   ] GC(1)   Post Evacuate Collection Set: 0.8ms
[2025-03-25T06:20:59.096+0000][gc,phases   ] GC(1)   Other: 0.9ms
[2025-03-25T06:20:59.096+0000][gc,heap     ] GC(1) Eden regions: 16->0(49)
[2025-03-25T06:20:59.097+0000][gc,heap     ] GC(1) Survivor regions: 7->2(7)
[2025-03-25T06:20:59.097+0000][gc,heap     ] GC(1) Old regions: 1->8
[2025-03-25T06:20:59.097+0000][gc,heap     ] GC(1) Archive regions: 2->2
[2025-03-25T06:20:59.098+0000][gc,heap     ] GC(1) Humongous regions: 129->129
[2025-03-25T06:20:59.098+0000][gc,metaspace] GC(1) Metaspace: 21334K(21504K)->21334K(21504K) NonClass: 18668K(18752K)->18668K(18752K) Class: 2666K(2752K)->2666K(2752K)
[2025-03-25T06:20:59.098+0000][gc          ] GC(1) Pause Young (Concurrent Start) (Metadata GC Threshold) 153M->139M(1024M) 24.218ms
[2025-03-25T06:20:59.099+0000][gc,cpu      ] GC(1) User=0.00s Sys=0.14s Real=0.02s
[2025-03-25T06:20:59.099+0000][gc          ] GC(2) Concurrent Mark Cycle
[2025-03-25T06:20:59.099+0000][gc,marking  ] GC(2) Concurrent Clear Claimed Marks
[2025-03-25T06:20:59.100+0000][gc,marking  ] GC(2) Concurrent Clear Claimed Marks 0.277ms
[2025-03-25T06:20:59.100+0000][gc,marking  ] GC(2) Concurrent Scan Root Regions
[2025-03-25T06:20:59.102+0000][gc,marking  ] GC(2) Concurrent Scan Root Regions 2.292ms
[2025-03-25T06:20:59.103+0000][gc,marking  ] GC(2) Concurrent Mark
[2025-03-25T06:20:59.103+0000][gc,marking  ] GC(2) Concurrent Mark From Roots
[2025-03-25T06:20:59.103+0000][gc,task     ] GC(2) Using 2 workers of 2 for marking
[2025-03-25T06:20:59.105+0000][gc,marking  ] GC(2) Concurrent Mark From Roots 2.369ms
[2025-03-25T06:20:59.106+0000][gc,marking  ] GC(2) Concurrent Preclean
[2025-03-25T06:20:59.106+0000][gc,marking  ] GC(2) Concurrent Preclean 0.324ms
[2025-03-25T06:20:59.108+0000][gc,start    ] GC(2) Pause Remark
[2025-03-25T06:20:59.110+0000][gc          ] GC(2) Pause Remark 139M->139M(1024M) 2.281ms
[2025-03-25T06:20:59.111+0000][gc,cpu      ] GC(2) User=0.01s Sys=0.00s Real=0.00s
[2025-03-25T06:20:59.111+0000][gc,marking  ] GC(2) Concurrent Mark 8.424ms
[2025-03-25T06:20:59.111+0000][gc,marking  ] GC(2) Concurrent Rebuild Remembered Sets
[2025-03-25T06:20:59.114+0000][gc,marking  ] GC(2) Concurrent Rebuild Remembered Sets 2.516ms
[2025-03-25T06:20:59.115+0000][gc,start    ] GC(2) Pause Cleanup
[2025-03-25T06:20:59.115+0000][gc          ] GC(2) Pause Cleanup 139M->139M(1024M) 0.715ms
[2025-03-25T06:20:59.116+0000][gc,cpu      ] GC(2) User=0.00s Sys=0.00s Real=0.00s
[2025-03-25T06:20:59.116+0000][gc,marking  ] GC(2) Concurrent Cleanup for Next Mark
[2025-03-25T06:20:59.192+0000][gc,marking  ] GC(2) Concurrent Cleanup for Next Mark 75.908ms
[2025-03-25T06:20:59.192+0000][gc          ] GC(2) Concurrent Mark Cycle 93.167ms
[2025-03-25T06:20:59.878+0000][gc,start    ] GC(3) Pause Young (Normal) (G1 Evacuation Pause)
[2025-03-25T06:20:59.878+0000][gc,task     ] GC(3) Using 8 workers of 8 for evacuation
[2025-03-25T06:20:59.886+0000][gc,phases   ] GC(3)   Pre Evacuate Collection Set: 0.3ms
[2025-03-25T06:20:59.886+0000][gc,phases   ] GC(3)   Merge Heap Roots: 0.2ms
[2025-03-25T06:20:59.886+0000][gc,phases   ] GC(3)   Evacuate Collection Set: 5.7ms
[2025-03-25T06:20:59.887+0000][gc,phases   ] GC(3)   Post Evacuate Collection Set: 0.7ms
[2025-03-25T06:20:59.887+0000][gc,phases   ] GC(3)   Other: 1.0ms
[2025-03-25T06:20:59.887+0000][gc,heap     ] GC(3) Eden regions: 49->0(44)
[2025-03-25T06:20:59.888+0000][gc,heap     ] GC(3) Survivor regions: 2->7(7)
[2025-03-25T06:20:59.888+0000][gc,heap     ] GC(3) Old regions: 8->8
[2025-03-25T06:20:59.888+0000][gc,heap     ] GC(3) Archive regions: 2->2
[2025-03-25T06:20:59.888+0000][gc,heap     ] GC(3) Humongous regions: 129->129
[2025-03-25T06:20:59.889+0000][gc,metaspace] GC(3) Metaspace: 32707K(32960K)->32707K(32960K) NonClass: 28979K(29120K)->28979K(29120K) Class: 3727K(3840K)->3727K(3840K)
[2025-03-25T06:20:59.889+0000][gc          ] GC(3) Pause Young (Normal) (G1 Evacuation Pause) 188M->143M(1024M) 10.842ms
[2025-03-25T06:20:59.889+0000][gc,cpu      ] GC(3) User=0.03s Sys=0.01s Real=0.01s
[2025-03-25T06:21:03.858+0000][gc,start    ] GC(4) Pause Young (Concurrent Start) (Metadata GC Threshold)
[2025-03-25T06:21:03.858+0000][gc,task     ] GC(4) Using 8 workers of 8 for evacuation
[2025-03-25T06:21:03.873+0000][gc,phases   ] GC(4)   Pre Evacuate Collection Set: 0.2ms
[2025-03-25T06:21:03.874+0000][gc,phases   ] GC(4)   Merge Heap Roots: 0.1ms
[2025-03-25T06:21:03.874+0000][gc,phases   ] GC(4)   Evacuate Collection Set: 15.2ms
[2025-03-25T06:21:03.874+0000][gc,phases   ] GC(4)   Post Evacuate Collection Set: 0.8ms
[2025-03-25T06:21:03.874+0000][gc,phases   ] GC(4)   Other: 0.6ms
[2025-03-25T06:21:03.875+0000][gc,heap     ] GC(4) Eden regions: 15->0(49)
[2025-03-25T06:21:03.875+0000][gc,heap     ] GC(4) Survivor regions: 7->2(7)
[2025-03-25T06:21:03.875+0000][gc,heap     ] GC(4) Old regions: 8->14
[2025-03-25T06:21:03.875+0000][gc,heap     ] GC(4) Archive regions: 2->2
[2025-03-25T06:21:03.875+0000][gc,heap     ] GC(4) Humongous regions: 129->129
[2025-03-25T06:21:03.875+0000][gc,metaspace] GC(4) Metaspace: 35755K(36096K)->35755K(36096K) NonClass: 31472K(31616K)->31472K(31616K) Class: 4282K(4480K)->4282K(4480K)
[2025-03-25T06:21:03.875+0000][gc          ] GC(4) Pause Young (Concurrent Start) (Metadata GC Threshold) 158M->144M(1024M) 18.939ms
[2025-03-25T06:21:03.876+0000][gc,cpu      ] GC(4) User=0.05s Sys=0.05s Real=0.02s
[2025-03-25T06:21:03.876+0000][gc          ] GC(5) Concurrent Mark Cycle
[2025-03-25T06:21:03.876+0000][gc,marking  ] GC(5) Concurrent Clear Claimed Marks
[2025-03-25T06:21:03.876+0000][gc,marking  ] GC(5) Concurrent Clear Claimed Marks 0.244ms
[2025-03-25T06:21:03.876+0000][gc,marking  ] GC(5) Concurrent Scan Root Regions
[2025-03-25T06:21:03.879+0000][gc,marking  ] GC(5) Concurrent Scan Root Regions 2.715ms
[2025-03-25T06:21:03.879+0000][gc,marking  ] GC(5) Concurrent Mark
[2025-03-25T06:21:03.880+0000][gc,marking  ] GC(5) Concurrent Mark From Roots
[2025-03-25T06:21:03.880+0000][gc,task     ] GC(5) Using 2 workers of 2 for marking
[2025-03-25T06:21:03.886+0000][gc,marking  ] GC(5) Concurrent Mark From Roots 5.983ms
[2025-03-25T06:21:03.886+0000][gc,marking  ] GC(5) Concurrent Preclean
[2025-03-25T06:21:03.886+0000][gc,marking  ] GC(5) Concurrent Preclean 0.288ms
[2025-03-25T06:21:03.888+0000][gc,start    ] GC(5) Pause Remark
[2025-03-25T06:21:03.890+0000][gc          ] GC(5) Pause Remark 145M->145M(1024M) 1.832ms
[2025-03-25T06:21:03.890+0000][gc,cpu      ] GC(5) User=0.00s Sys=0.00s Real=0.00s
[2025-03-25T06:21:03.890+0000][gc,marking  ] GC(5) Concurrent Mark 10.525ms
[2025-03-25T06:21:03.890+0000][gc,marking  ] GC(5) Concurrent Rebuild Remembered Sets
[2025-03-25T06:21:03.893+0000][gc,marking  ] GC(5) Concurrent Rebuild Remembered Sets 3.174ms
[2025-03-25T06:21:03.897+0000][gc,start    ] GC(5) Pause Cleanup
[2025-03-25T06:21:03.897+0000][gc          ] GC(5) Pause Cleanup 145M->145M(1024M) 0.415ms
[2025-03-25T06:21:03.898+0000][gc,cpu      ] GC(5) User=0.00s Sys=0.00s Real=0.00s
[2025-03-25T06:21:03.898+0000][gc,marking  ] GC(5) Concurrent Cleanup for Next Mark
[2025-03-25T06:21:03.964+0000][gc,marking  ] GC(5) Concurrent Cleanup for Next Mark 66.349ms
[2025-03-25T06:21:03.964+0000][gc          ] GC(5) Concurrent Mark Cycle 88.551ms
[2025-03-25T06:26:16.915+0000][gc,heap,exit] Heap
[2025-03-25T06:26:16.915+0000][gc,heap,exit]  garbage-first heap   total 1048576K, used 180647K [0x00000000c0000000, 0x0000000100000000)
[2025-03-25T06:26:16.915+0000][gc,heap,exit]   region size 1024K, 34 young (34816K), 2 survivors (2048K)
[2025-03-25T06:26:16.916+0000][gc,heap,exit]  Metaspace       used 40256K, committed 40832K, reserved 1114112K
[2025-03-25T06:26:16.916+0000][gc,heap,exit]   class space    used 4987K, committed 5248K, reserved 1048576K
