[2025-04-01T01:54:59.852+0000][gc] Using G1
[2025-04-01T01:54:59.861+0000][gc,init] Version: 17.0.14+7 (release)
[2025-04-01T01:54:59.862+0000][gc,init] CPUs: 8 total, 8 available
[2025-04-01T01:54:59.862+0000][gc,init] Memory: 7817M
[2025-04-01T01:54:59.863+0000][gc,init] Large Page Support: Disabled
[2025-04-01T01:54:59.864+0000][gc,init] NUMA Support: Disabled
[2025-04-01T01:54:59.865+0000][gc,init] Compressed Oops: Enabled (32-bit)
[2025-04-01T01:54:59.865+0000][gc,init] Heap Region Size: 1M
[2025-04-01T01:54:59.866+0000][gc,init] Heap Min Capacity: 1G
[2025-04-01T01:54:59.867+0000][gc,init] Heap Initial Capacity: 1G
[2025-04-01T01:54:59.867+0000][gc,init] Heap Max Capacity: 1G
[2025-04-01T01:54:59.868+0000][gc,init] Pre-touch: Disabled
[2025-04-01T01:54:59.869+0000][gc,init] Parallel Workers: 8
[2025-04-01T01:54:59.870+0000][gc,init] Concurrent Workers: 2
[2025-04-01T01:54:59.871+0000][gc,init] Concurrent Refinement Workers: 8
[2025-04-01T01:54:59.871+0000][gc,init] Periodic GC: Disabled
[2025-04-01T01:54:59.877+0000][gc,metaspace] CDS archive(s) mapped at: [0x00007f235b000000-0x00007f235ba60000-0x00007f235ba60000), size 10878976, SharedBaseAddress: 0x00007f235b000000, ArchiveRelocationMode: 1.
[2025-04-01T01:54:59.878+0000][gc,metaspace] Compressed class space mapped at: 0x00007f235c000000-0x00007f239c000000, reserved size: 1073741824
[2025-04-01T01:54:59.879+0000][gc,metaspace] Narrow klass base: 0x00007f235b000000, Narrow klass shift: 0, Narrow klass range: 0x100000000
[2025-04-01T01:55:01.278+0000][gc,start    ] GC(0) Pause Young (Normal) (G1 Evacuation Pause)
[2025-04-01T01:55:01.281+0000][gc,task     ] GC(0) Using 8 workers of 8 for evacuation
[2025-04-01T01:55:01.289+0000][gc,phases   ] GC(0)   Pre Evacuate Collection Set: 0.2ms
[2025-04-01T01:55:01.290+0000][gc,phases   ] GC(0)   Merge Heap Roots: 0.3ms
[2025-04-01T01:55:01.290+0000][gc,phases   ] GC(0)   Evacuate Collection Set: 5.7ms
[2025-04-01T01:55:01.291+0000][gc,phases   ] GC(0)   Post Evacuate Collection Set: 1.1ms
[2025-04-01T01:55:01.292+0000][gc,phases   ] GC(0)   Other: 3.5ms
[2025-04-01T01:55:01.292+0000][gc,heap     ] GC(0) Eden regions: 51->0(44)
[2025-04-01T01:55:01.293+0000][gc,heap     ] GC(0) Survivor regions: 0->7(7)
[2025-04-01T01:55:01.293+0000][gc,heap     ] GC(0) Old regions: 0->1
[2025-04-01T01:55:01.294+0000][gc,heap     ] GC(0) Archive regions: 2->2
[2025-04-01T01:55:01.295+0000][gc,heap     ] GC(0) Humongous regions: 0->0
[2025-04-01T01:55:01.295+0000][gc,metaspace] GC(0) Metaspace: 17616K(17792K)->17616K(17792K) NonClass: 15426K(15488K)->15426K(15488K) Class: 2190K(2304K)->2190K(2304K)
[2025-04-01T01:55:01.296+0000][gc          ] GC(0) Pause Young (Normal) (G1 Evacuation Pause) 51M->8M(1024M) 17.579ms
[2025-04-01T01:55:01.296+0000][gc,cpu      ] GC(0) User=0.04s Sys=0.01s Real=0.02s
[2025-04-01T01:55:01.611+0000][gc,start    ] GC(1) Pause Young (Concurrent Start) (Metadata GC Threshold)
[2025-04-01T01:55:01.611+0000][gc,task     ] GC(1) Using 8 workers of 8 for evacuation
[2025-04-01T01:55:01.618+0000][gc,phases   ] GC(1)   Pre Evacuate Collection Set: 0.3ms
[2025-04-01T01:55:01.619+0000][gc,phases   ] GC(1)   Merge Heap Roots: 0.1ms
[2025-04-01T01:55:01.620+0000][gc,phases   ] GC(1)   Evacuate Collection Set: 5.3ms
[2025-04-01T01:55:01.621+0000][gc,phases   ] GC(1)   Post Evacuate Collection Set: 0.9ms
[2025-04-01T01:55:01.622+0000][gc,phases   ] GC(1)   Other: 1.0ms
[2025-04-01T01:55:01.623+0000][gc,heap     ] GC(1) Eden regions: 14->0(49)
[2025-04-01T01:55:01.623+0000][gc,heap     ] GC(1) Survivor regions: 7->2(7)
[2025-04-01T01:55:01.624+0000][gc,heap     ] GC(1) Old regions: 1->8
[2025-04-01T01:55:01.625+0000][gc,heap     ] GC(1) Archive regions: 2->2
[2025-04-01T01:55:01.625+0000][gc,heap     ] GC(1) Humongous regions: 0->0
[2025-04-01T01:55:01.626+0000][gc,metaspace] GC(1) Metaspace: 21298K(21504K)->21298K(21504K) NonClass: 18621K(18752K)->18621K(18752K) Class: 2677K(2752K)->2677K(2752K)
[2025-04-01T01:55:01.627+0000][gc          ] GC(1) Pause Young (Concurrent Start) (Metadata GC Threshold) 22M->9M(1024M) 16.237ms
[2025-04-01T01:55:01.627+0000][gc,cpu      ] GC(1) User=0.04s Sys=0.00s Real=0.02s
[2025-04-01T01:55:01.628+0000][gc          ] GC(2) Concurrent Mark Cycle
[2025-04-01T01:55:01.629+0000][gc,marking  ] GC(2) Concurrent Clear Claimed Marks
[2025-04-01T01:55:01.629+0000][gc,marking  ] GC(2) Concurrent Clear Claimed Marks 0.401ms
[2025-04-01T01:55:01.630+0000][gc,marking  ] GC(2) Concurrent Scan Root Regions
[2025-04-01T01:55:01.633+0000][gc,marking  ] GC(2) Concurrent Scan Root Regions 3.026ms
[2025-04-01T01:55:01.634+0000][gc,marking  ] GC(2) Concurrent Mark
[2025-04-01T01:55:01.634+0000][gc,marking  ] GC(2) Concurrent Mark From Roots
[2025-04-01T01:55:01.635+0000][gc,task     ] GC(2) Using 2 workers of 2 for marking
[2025-04-01T01:55:01.637+0000][gc,marking  ] GC(2) Concurrent Mark From Roots 2.875ms
[2025-04-01T01:55:01.638+0000][gc,marking  ] GC(2) Concurrent Preclean
[2025-04-01T01:55:01.639+0000][gc,marking  ] GC(2) Concurrent Preclean 0.947ms
[2025-04-01T01:55:01.640+0000][gc,start    ] GC(2) Pause Remark
[2025-04-01T01:55:01.644+0000][gc          ] GC(2) Pause Remark 10M->10M(1024M) 3.267ms
[2025-04-01T01:55:01.645+0000][gc,cpu      ] GC(2) User=0.00s Sys=0.00s Real=0.01s
[2025-04-01T01:55:01.645+0000][gc,marking  ] GC(2) Concurrent Mark 11.553ms
[2025-04-01T01:55:01.646+0000][gc,marking  ] GC(2) Concurrent Rebuild Remembered Sets
[2025-04-01T01:55:01.650+0000][gc,marking  ] GC(2) Concurrent Rebuild Remembered Sets 3.889ms
[2025-04-01T01:55:01.651+0000][gc,start    ] GC(2) Pause Cleanup
[2025-04-01T01:55:01.652+0000][gc          ] GC(2) Pause Cleanup 11M->11M(1024M) 1.245ms
[2025-04-01T01:55:01.653+0000][gc,cpu      ] GC(2) User=0.00s Sys=0.00s Real=0.01s
[2025-04-01T01:55:01.654+0000][gc,marking  ] GC(2) Concurrent Cleanup for Next Mark
[2025-04-01T01:55:01.660+0000][gc,marking  ] GC(2) Concurrent Cleanup for Next Mark 6.223ms
[2025-04-01T01:55:01.660+0000][gc          ] GC(2) Concurrent Mark Cycle 32.165ms
[2025-04-01T01:55:02.315+0000][gc,start    ] GC(3) Pause Young (Normal) (G1 Evacuation Pause)
[2025-04-01T01:55:02.316+0000][gc,task     ] GC(3) Using 8 workers of 8 for evacuation
[2025-04-01T01:55:02.321+0000][gc,phases   ] GC(3)   Pre Evacuate Collection Set: 0.2ms
[2025-04-01T01:55:02.322+0000][gc,phases   ] GC(3)   Merge Heap Roots: 0.1ms
[2025-04-01T01:55:02.322+0000][gc,phases   ] GC(3)   Evacuate Collection Set: 3.9ms
[2025-04-01T01:55:02.323+0000][gc,phases   ] GC(3)   Post Evacuate Collection Set: 0.8ms
[2025-04-01T01:55:02.323+0000][gc,phases   ] GC(3)   Other: 1.2ms
[2025-04-01T01:55:02.324+0000][gc,heap     ] GC(3) Eden regions: 49->0(45)
[2025-04-01T01:55:02.324+0000][gc,heap     ] GC(3) Survivor regions: 2->6(7)
[2025-04-01T01:55:02.325+0000][gc,heap     ] GC(3) Old regions: 8->8
[2025-04-01T01:55:02.325+0000][gc,heap     ] GC(3) Archive regions: 2->2
[2025-04-01T01:55:02.326+0000][gc,heap     ] GC(3) Humongous regions: 129->129
[2025-04-01T01:55:02.326+0000][gc,metaspace] GC(3) Metaspace: 32405K(32704K)->32405K(32704K) NonClass: 28646K(28800K)->28646K(28800K) Class: 3758K(3904K)->3758K(3904K)
[2025-04-01T01:55:02.327+0000][gc          ] GC(3) Pause Young (Normal) (G1 Evacuation Pause) 187M->143M(1024M) 11.619ms
[2025-04-01T01:55:02.327+0000][gc,cpu      ] GC(3) User=0.03s Sys=0.00s Real=0.01s
[2025-04-01T01:55:02.522+0000][gc,start    ] GC(4) Pause Young (Concurrent Start) (Metadata GC Threshold)
[2025-04-01T01:55:02.522+0000][gc,task     ] GC(4) Using 8 workers of 8 for evacuation
[2025-04-01T01:55:02.529+0000][gc,phases   ] GC(4)   Pre Evacuate Collection Set: 0.2ms
[2025-04-01T01:55:02.530+0000][gc,phases   ] GC(4)   Merge Heap Roots: 0.1ms
[2025-04-01T01:55:02.530+0000][gc,phases   ] GC(4)   Evacuate Collection Set: 5.6ms
[2025-04-01T01:55:02.531+0000][gc,phases   ] GC(4)   Post Evacuate Collection Set: 0.9ms
[2025-04-01T01:55:02.531+0000][gc,phases   ] GC(4)   Other: 1.0ms
[2025-04-01T01:55:02.531+0000][gc,heap     ] GC(4) Eden regions: 15->0(49)
[2025-04-01T01:55:02.531+0000][gc,heap     ] GC(4) Survivor regions: 6->2(7)
[2025-04-01T01:55:02.532+0000][gc,heap     ] GC(4) Old regions: 8->14
[2025-04-01T01:55:02.532+0000][gc,heap     ] GC(4) Archive regions: 2->2
[2025-04-01T01:55:02.532+0000][gc,heap     ] GC(4) Humongous regions: 129->129
[2025-04-01T01:55:02.532+0000][gc,metaspace] GC(4) Metaspace: 35664K(35968K)->35664K(35968K) NonClass: 31456K(31616K)->31456K(31616K) Class: 4207K(4352K)->4207K(4352K)
[2025-04-01T01:55:02.533+0000][gc          ] GC(4) Pause Young (Concurrent Start) (Metadata GC Threshold) 158M->144M(1024M) 11.154ms
[2025-04-01T01:55:02.533+0000][gc,cpu      ] GC(4) User=0.07s Sys=0.00s Real=0.02s
[2025-04-01T01:55:02.533+0000][gc          ] GC(5) Concurrent Mark Cycle
[2025-04-01T01:55:02.534+0000][gc,marking  ] GC(5) Concurrent Clear Claimed Marks
[2025-04-01T01:55:02.534+0000][gc,marking  ] GC(5) Concurrent Clear Claimed Marks 0.376ms
[2025-04-01T01:55:02.534+0000][gc,marking  ] GC(5) Concurrent Scan Root Regions
[2025-04-01T01:55:02.537+0000][gc,marking  ] GC(5) Concurrent Scan Root Regions 2.886ms
[2025-04-01T01:55:02.538+0000][gc,marking  ] GC(5) Concurrent Mark
[2025-04-01T01:55:02.538+0000][gc,marking  ] GC(5) Concurrent Mark From Roots
[2025-04-01T01:55:02.539+0000][gc,task     ] GC(5) Using 2 workers of 2 for marking
[2025-04-01T01:55:02.545+0000][gc,marking  ] GC(5) Concurrent Mark From Roots 6.487ms
[2025-04-01T01:55:02.545+0000][gc,marking  ] GC(5) Concurrent Preclean
[2025-04-01T01:55:02.546+0000][gc,marking  ] GC(5) Concurrent Preclean 0.549ms
[2025-04-01T01:55:02.546+0000][gc,start    ] GC(5) Pause Remark
[2025-04-01T01:55:02.549+0000][gc          ] GC(5) Pause Remark 145M->145M(1024M) 2.317ms
[2025-04-01T01:55:02.549+0000][gc,cpu      ] GC(5) User=0.01s Sys=0.00s Real=0.00s
[2025-04-01T01:55:02.550+0000][gc,marking  ] GC(5) Concurrent Mark 11.795ms
[2025-04-01T01:55:02.550+0000][gc,marking  ] GC(5) Concurrent Rebuild Remembered Sets
[2025-04-01T01:55:02.555+0000][gc,marking  ] GC(5) Concurrent Rebuild Remembered Sets 5.196ms
[2025-04-01T01:55:02.556+0000][gc,start    ] GC(5) Pause Cleanup
[2025-04-01T01:55:02.556+0000][gc          ] GC(5) Pause Cleanup 145M->145M(1024M) 0.635ms
[2025-04-01T01:55:02.557+0000][gc,cpu      ] GC(5) User=0.00s Sys=0.00s Real=0.00s
[2025-04-01T01:55:02.557+0000][gc,marking  ] GC(5) Concurrent Cleanup for Next Mark
[2025-04-01T01:55:02.561+0000][gc,marking  ] GC(5) Concurrent Cleanup for Next Mark 3.629ms
[2025-04-01T01:55:02.561+0000][gc          ] GC(5) Concurrent Mark Cycle 28.067ms
[2025-04-01T01:57:28.025+0000][gc,heap,exit] Heap
[2025-04-01T01:57:28.026+0000][gc,heap,exit]  garbage-first heap   total 1048576K, used 175125K [0x00000000c0000000, 0x0000000100000000)
[2025-04-01T01:57:28.026+0000][gc,heap,exit]   region size 1024K, 29 young (29696K), 2 survivors (2048K)
[2025-04-01T01:57:28.027+0000][gc,heap,exit]  Metaspace       used 39431K, committed 39936K, reserved 1114112K
[2025-04-01T01:57:28.027+0000][gc,heap,exit]   class space    used 4906K, committed 5120K, reserved 1048576K
