[2025-03-25T06:06:10.070+0000][gc] Using G1
[2025-03-25T06:06:10.075+0000][gc,init] Version: 17.0.14+7 (release)
[2025-03-25T06:06:10.075+0000][gc,init] CPUs: 8 total, 8 available
[2025-03-25T06:06:10.076+0000][gc,init] Memory: 7817M
[2025-03-25T06:06:10.076+0000][gc,init] Large Page Support: Disabled
[2025-03-25T06:06:10.076+0000][gc,init] NUMA Support: Disabled
[2025-03-25T06:06:10.076+0000][gc,init] Compressed Oops: Enabled (32-bit)
[2025-03-25T06:06:10.076+0000][gc,init] Heap Region Size: 1M
[2025-03-25T06:06:10.077+0000][gc,init] Heap Min Capacity: 1G
[2025-03-25T06:06:10.077+0000][gc,init] Heap Initial Capacity: 1G
[2025-03-25T06:06:10.077+0000][gc,init] Heap Max Capacity: 1G
[2025-03-25T06:06:10.077+0000][gc,init] Pre-touch: Disabled
[2025-03-25T06:06:10.078+0000][gc,init] Parallel Workers: 8
[2025-03-25T06:06:10.078+0000][gc,init] Concurrent Workers: 2
[2025-03-25T06:06:10.078+0000][gc,init] Concurrent Refinement Workers: 8
[2025-03-25T06:06:10.078+0000][gc,init] Periodic GC: Disabled
[2025-03-25T06:06:10.082+0000][gc,metaspace] CDS archive(s) mapped at: [0x00007f8597000000-0x00007f8597a60000-0x00007f8597a60000), size 10878976, SharedBaseAddress: 0x00007f8597000000, ArchiveRelocationMode: 1.
[2025-03-25T06:06:10.083+0000][gc,metaspace] Compressed class space mapped at: 0x00007f8598000000-0x00007f85d8000000, reserved size: 1073741824
[2025-03-25T06:06:10.083+0000][gc,metaspace] Narrow klass base: 0x00007f8597000000, Narrow klass shift: 0, Narrow klass range: 0x100000000
[2025-03-25T06:06:10.888+0000][gc,start    ] GC(0) Pause Young (Normal) (G1 Evacuation Pause)
[2025-03-25T06:06:10.890+0000][gc,task     ] GC(0) Using 8 workers of 8 for evacuation
[2025-03-25T06:06:10.897+0000][gc,phases   ] GC(0)   Pre Evacuate Collection Set: 0.3ms
[2025-03-25T06:06:10.898+0000][gc,phases   ] GC(0)   Merge Heap Roots: 0.6ms
[2025-03-25T06:06:10.898+0000][gc,phases   ] GC(0)   Evacuate Collection Set: 4.6ms
[2025-03-25T06:06:10.898+0000][gc,phases   ] GC(0)   Post Evacuate Collection Set: 0.9ms
[2025-03-25T06:06:10.899+0000][gc,phases   ] GC(0)   Other: 3.3ms
[2025-03-25T06:06:10.899+0000][gc,heap     ] GC(0) Eden regions: 51->0(44)
[2025-03-25T06:06:10.899+0000][gc,heap     ] GC(0) Survivor regions: 0->7(7)
[2025-03-25T06:06:10.899+0000][gc,heap     ] GC(0) Old regions: 0->1
[2025-03-25T06:06:10.900+0000][gc,heap     ] GC(0) Archive regions: 2->2
[2025-03-25T06:06:10.900+0000][gc,heap     ] GC(0) Humongous regions: 0->0
[2025-03-25T06:06:10.900+0000][gc,metaspace] GC(0) Metaspace: 17599K(17792K)->17599K(17792K) NonClass: 15407K(15488K)->15407K(15488K) Class: 2191K(2304K)->2191K(2304K)
[2025-03-25T06:06:10.901+0000][gc          ] GC(0) Pause Young (Normal) (G1 Evacuation Pause) 51M->8M(1024M) 12.922ms
[2025-03-25T06:06:10.901+0000][gc,cpu      ] GC(0) User=0.02s Sys=0.01s Real=0.01s
[2025-03-25T06:06:11.817+0000][gc,start    ] GC(1) Pause Young (Concurrent Start) (Metadata GC Threshold)
[2025-03-25T06:06:11.817+0000][gc,task     ] GC(1) Using 8 workers of 8 for evacuation
[2025-03-25T06:06:11.836+0000][gc,phases   ] GC(1)   Pre Evacuate Collection Set: 0.2ms
[2025-03-25T06:06:11.836+0000][gc,phases   ] GC(1)   Merge Heap Roots: 0.1ms
[2025-03-25T06:06:11.836+0000][gc,phases   ] GC(1)   Evacuate Collection Set: 15.3ms
[2025-03-25T06:06:11.836+0000][gc,phases   ] GC(1)   Post Evacuate Collection Set: 0.7ms
[2025-03-25T06:06:11.837+0000][gc,phases   ] GC(1)   Other: 2.6ms
[2025-03-25T06:06:11.837+0000][gc,heap     ] GC(1) Eden regions: 16->0(49)
[2025-03-25T06:06:11.837+0000][gc,heap     ] GC(1) Survivor regions: 7->2(7)
[2025-03-25T06:06:11.837+0000][gc,heap     ] GC(1) Old regions: 1->8
[2025-03-25T06:06:11.837+0000][gc,heap     ] GC(1) Archive regions: 2->2
[2025-03-25T06:06:11.837+0000][gc,heap     ] GC(1) Humongous regions: 129->129
[2025-03-25T06:06:11.838+0000][gc,metaspace] GC(1) Metaspace: 21347K(21504K)->21347K(21504K) NonClass: 18674K(18752K)->18674K(18752K) Class: 2672K(2752K)->2672K(2752K)
[2025-03-25T06:06:11.838+0000][gc          ] GC(1) Pause Young (Concurrent Start) (Metadata GC Threshold) 152M->139M(1024M) 21.072ms
[2025-03-25T06:06:11.838+0000][gc,cpu      ] GC(1) User=0.01s Sys=0.10s Real=0.02s
[2025-03-25T06:06:11.838+0000][gc          ] GC(2) Concurrent Mark Cycle
[2025-03-25T06:06:11.838+0000][gc,marking  ] GC(2) Concurrent Clear Claimed Marks
[2025-03-25T06:06:11.839+0000][gc,marking  ] GC(2) Concurrent Clear Claimed Marks 0.191ms
[2025-03-25T06:06:11.839+0000][gc,marking  ] GC(2) Concurrent Scan Root Regions
[2025-03-25T06:06:11.841+0000][gc,marking  ] GC(2) Concurrent Scan Root Regions 2.431ms
[2025-03-25T06:06:11.842+0000][gc,marking  ] GC(2) Concurrent Mark
[2025-03-25T06:06:11.842+0000][gc,marking  ] GC(2) Concurrent Mark From Roots
[2025-03-25T06:06:11.842+0000][gc,task     ] GC(2) Using 2 workers of 2 for marking
[2025-03-25T06:06:11.844+0000][gc,marking  ] GC(2) Concurrent Mark From Roots 2.121ms
[2025-03-25T06:06:11.844+0000][gc,marking  ] GC(2) Concurrent Preclean
[2025-03-25T06:06:11.845+0000][gc,marking  ] GC(2) Concurrent Preclean 0.272ms
[2025-03-25T06:06:11.845+0000][gc,start    ] GC(2) Pause Remark
[2025-03-25T06:06:11.847+0000][gc          ] GC(2) Pause Remark 139M->139M(1024M) 1.634ms
[2025-03-25T06:06:11.847+0000][gc,cpu      ] GC(2) User=0.00s Sys=0.00s Real=0.01s
[2025-03-25T06:06:11.848+0000][gc,marking  ] GC(2) Concurrent Mark 5.865ms
[2025-03-25T06:06:11.848+0000][gc,marking  ] GC(2) Concurrent Rebuild Remembered Sets
[2025-03-25T06:06:11.850+0000][gc,marking  ] GC(2) Concurrent Rebuild Remembered Sets 1.884ms
[2025-03-25T06:06:11.850+0000][gc,start    ] GC(2) Pause Cleanup
[2025-03-25T06:06:11.851+0000][gc          ] GC(2) Pause Cleanup 139M->139M(1024M) 0.726ms
[2025-03-25T06:06:11.851+0000][gc,cpu      ] GC(2) User=0.00s Sys=0.00s Real=0.00s
[2025-03-25T06:06:11.852+0000][gc,marking  ] GC(2) Concurrent Cleanup for Next Mark
[2025-03-25T06:06:11.923+0000][gc,marking  ] GC(2) Concurrent Cleanup for Next Mark 71.415ms
[2025-03-25T06:06:11.923+0000][gc          ] GC(2) Concurrent Mark Cycle 85.196ms
[2025-03-25T06:06:12.644+0000][gc,start    ] GC(3) Pause Young (Normal) (G1 Evacuation Pause)
[2025-03-25T06:06:12.645+0000][gc,task     ] GC(3) Using 8 workers of 8 for evacuation
[2025-03-25T06:06:12.649+0000][gc,phases   ] GC(3)   Pre Evacuate Collection Set: 0.2ms
[2025-03-25T06:06:12.650+0000][gc,phases   ] GC(3)   Merge Heap Roots: 0.2ms
[2025-03-25T06:06:12.650+0000][gc,phases   ] GC(3)   Evacuate Collection Set: 2.7ms
[2025-03-25T06:06:12.651+0000][gc,phases   ] GC(3)   Post Evacuate Collection Set: 1.0ms
[2025-03-25T06:06:12.651+0000][gc,phases   ] GC(3)   Other: 1.2ms
[2025-03-25T06:06:12.652+0000][gc,heap     ] GC(3) Eden regions: 49->0(44)
[2025-03-25T06:06:12.652+0000][gc,heap     ] GC(3) Survivor regions: 2->7(7)
[2025-03-25T06:06:12.652+0000][gc,heap     ] GC(3) Old regions: 8->8
[2025-03-25T06:06:12.653+0000][gc,heap     ] GC(3) Archive regions: 2->2
[2025-03-25T06:06:12.653+0000][gc,heap     ] GC(3) Humongous regions: 129->129
[2025-03-25T06:06:12.653+0000][gc,metaspace] GC(3) Metaspace: 32682K(32960K)->32682K(32960K) NonClass: 28957K(29120K)->28957K(29120K) Class: 3725K(3840K)->3725K(3840K)
[2025-03-25T06:06:12.653+0000][gc          ] GC(3) Pause Young (Normal) (G1 Evacuation Pause) 188M->143M(1024M) 9.319ms
[2025-03-25T06:06:12.654+0000][gc,cpu      ] GC(3) User=0.03s Sys=0.00s Real=0.01s
[2025-03-25T06:06:17.995+0000][gc,start    ] GC(4) Pause Young (Concurrent Start) (Metadata GC Threshold)
[2025-03-25T06:06:17.995+0000][gc,task     ] GC(4) Using 8 workers of 8 for evacuation
[2025-03-25T06:06:18.001+0000][gc,phases   ] GC(4)   Pre Evacuate Collection Set: 0.3ms
[2025-03-25T06:06:18.002+0000][gc,phases   ] GC(4)   Merge Heap Roots: 0.1ms
[2025-03-25T06:06:18.002+0000][gc,phases   ] GC(4)   Evacuate Collection Set: 4.0ms
[2025-03-25T06:06:18.002+0000][gc,phases   ] GC(4)   Post Evacuate Collection Set: 0.8ms
[2025-03-25T06:06:18.003+0000][gc,phases   ] GC(4)   Other: 1.1ms
[2025-03-25T06:06:18.003+0000][gc,heap     ] GC(4) Eden regions: 16->0(49)
[2025-03-25T06:06:18.004+0000][gc,heap     ] GC(4) Survivor regions: 7->2(7)
[2025-03-25T06:06:18.004+0000][gc,heap     ] GC(4) Old regions: 8->14
[2025-03-25T06:06:18.005+0000][gc,heap     ] GC(4) Archive regions: 2->2
[2025-03-25T06:06:18.005+0000][gc,heap     ] GC(4) Humongous regions: 129->129
[2025-03-25T06:06:18.006+0000][gc,metaspace] GC(4) Metaspace: 35751K(36096K)->35751K(36096K) NonClass: 31465K(31680K)->31465K(31680K) Class: 4285K(4416K)->4285K(4416K)
[2025-03-25T06:06:18.006+0000][gc          ] GC(4) Pause Young (Concurrent Start) (Metadata GC Threshold) 158M->145M(1024M) 11.212ms
[2025-03-25T06:06:18.007+0000][gc,cpu      ] GC(4) User=0.03s Sys=0.01s Real=0.02s
[2025-03-25T06:06:18.007+0000][gc          ] GC(5) Concurrent Mark Cycle
[2025-03-25T06:06:18.007+0000][gc,marking  ] GC(5) Concurrent Clear Claimed Marks
[2025-03-25T06:06:18.008+0000][gc,marking  ] GC(5) Concurrent Clear Claimed Marks 0.252ms
[2025-03-25T06:06:18.008+0000][gc,marking  ] GC(5) Concurrent Scan Root Regions
[2025-03-25T06:06:18.011+0000][gc,marking  ] GC(5) Concurrent Scan Root Regions 2.659ms
[2025-03-25T06:06:18.011+0000][gc,marking  ] GC(5) Concurrent Mark
[2025-03-25T06:06:18.011+0000][gc,marking  ] GC(5) Concurrent Mark From Roots
[2025-03-25T06:06:18.011+0000][gc,task     ] GC(5) Using 2 workers of 2 for marking
[2025-03-25T06:06:18.017+0000][gc,marking  ] GC(5) Concurrent Mark From Roots 5.843ms
[2025-03-25T06:06:18.017+0000][gc,marking  ] GC(5) Concurrent Preclean
[2025-03-25T06:06:18.018+0000][gc,marking  ] GC(5) Concurrent Preclean 0.374ms
[2025-03-25T06:06:18.018+0000][gc,start    ] GC(5) Pause Remark
[2025-03-25T06:06:18.020+0000][gc          ] GC(5) Pause Remark 145M->145M(1024M) 2.017ms
[2025-03-25T06:06:18.021+0000][gc,cpu      ] GC(5) User=0.01s Sys=0.00s Real=0.00s
[2025-03-25T06:06:18.021+0000][gc,marking  ] GC(5) Concurrent Mark 9.941ms
[2025-03-25T06:06:18.021+0000][gc,marking  ] GC(5) Concurrent Rebuild Remembered Sets
[2025-03-25T06:06:18.025+0000][gc,marking  ] GC(5) Concurrent Rebuild Remembered Sets 3.827ms
[2025-03-25T06:06:18.026+0000][gc,start    ] GC(5) Pause Cleanup
[2025-03-25T06:06:18.026+0000][gc          ] GC(5) Pause Cleanup 146M->146M(1024M) 0.577ms
[2025-03-25T06:06:18.027+0000][gc,cpu      ] GC(5) User=0.00s Sys=0.00s Real=0.01s
[2025-03-25T06:06:18.027+0000][gc,marking  ] GC(5) Concurrent Cleanup for Next Mark
[2025-03-25T06:06:18.139+0000][gc,marking  ] GC(5) Concurrent Cleanup for Next Mark 112.372ms
[2025-03-25T06:06:18.140+0000][gc          ] GC(5) Concurrent Mark Cycle 132.566ms
[2025-03-25T06:08:08.282+0000][gc,heap,exit] Heap
[2025-03-25T06:08:08.283+0000][gc,heap,exit]  garbage-first heap   total 1048576K, used 176635K [0x00000000c0000000, 0x0000000100000000)
[2025-03-25T06:08:08.284+0000][gc,heap,exit]   region size 1024K, 30 young (30720K), 2 survivors (2048K)
[2025-03-25T06:08:08.284+0000][gc,heap,exit]  Metaspace       used 39892K, committed 40448K, reserved 1114112K
[2025-03-25T06:08:08.285+0000][gc,heap,exit]   class space    used 4983K, committed 5248K, reserved 1048576K
