[2025-03-25T06:08:32.024+0000][gc] Using G1
[2025-03-25T06:08:32.030+0000][gc,init] Version: 17.0.14+7 (release)
[2025-03-25T06:08:32.030+0000][gc,init] CPUs: 8 total, 8 available
[2025-03-25T06:08:32.031+0000][gc,init] Memory: 7817M
[2025-03-25T06:08:32.031+0000][gc,init] Large Page Support: Disabled
[2025-03-25T06:08:32.032+0000][gc,init] NUMA Support: Disabled
[2025-03-25T06:08:32.032+0000][gc,init] Compressed Oops: Enabled (32-bit)
[2025-03-25T06:08:32.032+0000][gc,init] Heap Region Size: 1M
[2025-03-25T06:08:32.032+0000][gc,init] Heap Min Capacity: 1G
[2025-03-25T06:08:32.033+0000][gc,init] Heap Initial Capacity: 1G
[2025-03-25T06:08:32.033+0000][gc,init] Heap Max Capacity: 1G
[2025-03-25T06:08:32.033+0000][gc,init] Pre-touch: Disabled
[2025-03-25T06:08:32.033+0000][gc,init] Parallel Workers: 8
[2025-03-25T06:08:32.033+0000][gc,init] Concurrent Workers: 2
[2025-03-25T06:08:32.033+0000][gc,init] Concurrent Refinement Workers: 8
[2025-03-25T06:08:32.033+0000][gc,init] Periodic GC: Disabled
[2025-03-25T06:08:32.037+0000][gc,metaspace] CDS archive(s) mapped at: [0x00007faaff000000-0x00007faaffa60000-0x00007faaffa60000), size 10878976, SharedBaseAddress: 0x00007faaff000000, ArchiveRelocationMode: 1.
[2025-03-25T06:08:32.038+0000][gc,metaspace] Compressed class space mapped at: 0x00007fab00000000-0x00007fab40000000, reserved size: 1073741824
[2025-03-25T06:08:32.038+0000][gc,metaspace] Narrow klass base: 0x00007faaff000000, Narrow klass shift: 0, Narrow klass range: 0x100000000
[2025-03-25T06:08:32.788+0000][gc,start    ] GC(0) Pause Young (Normal) (G1 Evacuation Pause)
[2025-03-25T06:08:32.789+0000][gc,task     ] GC(0) Using 8 workers of 8 for evacuation
[2025-03-25T06:08:32.797+0000][gc,phases   ] GC(0)   Pre Evacuate Collection Set: 0.2ms
[2025-03-25T06:08:32.798+0000][gc,phases   ] GC(0)   Merge Heap Roots: 0.1ms
[2025-03-25T06:08:32.798+0000][gc,phases   ] GC(0)   Evacuate Collection Set: 6.9ms
[2025-03-25T06:08:32.798+0000][gc,phases   ] GC(0)   Post Evacuate Collection Set: 0.8ms
[2025-03-25T06:08:32.799+0000][gc,phases   ] GC(0)   Other: 1.6ms
[2025-03-25T06:08:32.799+0000][gc,heap     ] GC(0) Eden regions: 51->0(44)
[2025-03-25T06:08:32.799+0000][gc,heap     ] GC(0) Survivor regions: 0->7(7)
[2025-03-25T06:08:32.799+0000][gc,heap     ] GC(0) Old regions: 0->1
[2025-03-25T06:08:32.800+0000][gc,heap     ] GC(0) Archive regions: 2->2
[2025-03-25T06:08:32.800+0000][gc,heap     ] GC(0) Humongous regions: 0->0
[2025-03-25T06:08:32.800+0000][gc,metaspace] GC(0) Metaspace: 17612K(17792K)->17612K(17792K) NonClass: 15421K(15488K)->15421K(15488K) Class: 2190K(2304K)->2190K(2304K)
[2025-03-25T06:08:32.800+0000][gc          ] GC(0) Pause Young (Normal) (G1 Evacuation Pause) 51M->8M(1024M) 12.505ms
[2025-03-25T06:08:32.801+0000][gc,cpu      ] GC(0) User=0.03s Sys=0.02s Real=0.01s
[2025-03-25T06:08:32.997+0000][gc,start    ] GC(1) Pause Young (Concurrent Start) (Metadata GC Threshold)
[2025-03-25T06:08:32.998+0000][gc,task     ] GC(1) Using 8 workers of 8 for evacuation
[2025-03-25T06:08:33.001+0000][gc,phases   ] GC(1)   Pre Evacuate Collection Set: 0.2ms
[2025-03-25T06:08:33.002+0000][gc,phases   ] GC(1)   Merge Heap Roots: 0.1ms
[2025-03-25T06:08:33.002+0000][gc,phases   ] GC(1)   Evacuate Collection Set: 2.1ms
[2025-03-25T06:08:33.003+0000][gc,phases   ] GC(1)   Post Evacuate Collection Set: 0.9ms
[2025-03-25T06:08:33.003+0000][gc,phases   ] GC(1)   Other: 1.0ms
[2025-03-25T06:08:33.004+0000][gc,heap     ] GC(1) Eden regions: 15->0(49)
[2025-03-25T06:08:33.004+0000][gc,heap     ] GC(1) Survivor regions: 7->2(7)
[2025-03-25T06:08:33.004+0000][gc,heap     ] GC(1) Old regions: 1->8
[2025-03-25T06:08:33.005+0000][gc,heap     ] GC(1) Archive regions: 2->2
[2025-03-25T06:08:33.005+0000][gc,heap     ] GC(1) Humongous regions: 0->0
[2025-03-25T06:08:33.005+0000][gc,metaspace] GC(1) Metaspace: 21369K(21504K)->21369K(21504K) NonClass: 18677K(18752K)->18677K(18752K) Class: 2691K(2752K)->2691K(2752K)
[2025-03-25T06:08:33.006+0000][gc          ] GC(1) Pause Young (Concurrent Start) (Metadata GC Threshold) 23M->9M(1024M) 8.461ms
[2025-03-25T06:08:33.006+0000][gc,cpu      ] GC(1) User=0.01s Sys=0.00s Real=0.01s
[2025-03-25T06:08:33.006+0000][gc          ] GC(2) Concurrent Mark Cycle
[2025-03-25T06:08:33.006+0000][gc,marking  ] GC(2) Concurrent Clear Claimed Marks
[2025-03-25T06:08:33.006+0000][gc,marking  ] GC(2) Concurrent Clear Claimed Marks 0.187ms
[2025-03-25T06:08:33.007+0000][gc,marking  ] GC(2) Concurrent Scan Root Regions
[2025-03-25T06:08:33.008+0000][gc,marking  ] GC(2) Concurrent Scan Root Regions 1.647ms
[2025-03-25T06:08:33.008+0000][gc,marking  ] GC(2) Concurrent Mark
[2025-03-25T06:08:33.009+0000][gc,marking  ] GC(2) Concurrent Mark From Roots
[2025-03-25T06:08:33.009+0000][gc,task     ] GC(2) Using 2 workers of 2 for marking
[2025-03-25T06:08:33.011+0000][gc,marking  ] GC(2) Concurrent Mark From Roots 2.084ms
[2025-03-25T06:08:33.011+0000][gc,marking  ] GC(2) Concurrent Preclean
[2025-03-25T06:08:33.011+0000][gc,marking  ] GC(2) Concurrent Preclean 0.236ms
[2025-03-25T06:08:33.012+0000][gc,start    ] GC(2) Pause Remark
[2025-03-25T06:08:33.013+0000][gc          ] GC(2) Pause Remark 10M->10M(1024M) 1.785ms
[2025-03-25T06:08:33.014+0000][gc,cpu      ] GC(2) User=0.00s Sys=0.01s Real=0.01s
[2025-03-25T06:08:33.014+0000][gc,marking  ] GC(2) Concurrent Mark 5.504ms
[2025-03-25T06:08:33.014+0000][gc,marking  ] GC(2) Concurrent Rebuild Remembered Sets
[2025-03-25T06:08:33.016+0000][gc,marking  ] GC(2) Concurrent Rebuild Remembered Sets 1.667ms
[2025-03-25T06:08:33.016+0000][gc,start    ] GC(2) Pause Cleanup
[2025-03-25T06:08:33.017+0000][gc          ] GC(2) Pause Cleanup 10M->10M(1024M) 0.354ms
[2025-03-25T06:08:33.017+0000][gc,cpu      ] GC(2) User=0.00s Sys=0.00s Real=0.00s
[2025-03-25T06:08:33.017+0000][gc,marking  ] GC(2) Concurrent Cleanup for Next Mark
[2025-03-25T06:08:33.020+0000][gc,marking  ] GC(2) Concurrent Cleanup for Next Mark 3.006ms
[2025-03-25T06:08:33.020+0000][gc          ] GC(2) Concurrent Mark Cycle 14.187ms
[2025-03-25T06:08:33.500+0000][gc,start    ] GC(3) Pause Young (Normal) (G1 Evacuation Pause)
[2025-03-25T06:08:33.501+0000][gc,task     ] GC(3) Using 8 workers of 8 for evacuation
[2025-03-25T06:08:33.505+0000][gc,phases   ] GC(3)   Pre Evacuate Collection Set: 0.2ms
[2025-03-25T06:08:33.505+0000][gc,phases   ] GC(3)   Merge Heap Roots: 0.1ms
[2025-03-25T06:08:33.506+0000][gc,phases   ] GC(3)   Evacuate Collection Set: 2.5ms
[2025-03-25T06:08:33.506+0000][gc,phases   ] GC(3)   Post Evacuate Collection Set: 0.7ms
[2025-03-25T06:08:33.506+0000][gc,phases   ] GC(3)   Other: 0.8ms
[2025-03-25T06:08:33.507+0000][gc,heap     ] GC(3) Eden regions: 49->0(45)
[2025-03-25T06:08:33.507+0000][gc,heap     ] GC(3) Survivor regions: 2->6(7)
[2025-03-25T06:08:33.507+0000][gc,heap     ] GC(3) Old regions: 8->8
[2025-03-25T06:08:33.507+0000][gc,heap     ] GC(3) Archive regions: 2->2
[2025-03-25T06:08:33.507+0000][gc,heap     ] GC(3) Humongous regions: 129->129
[2025-03-25T06:08:33.508+0000][gc,metaspace] GC(3) Metaspace: 32755K(33024K)->32755K(33024K) NonClass: 28948K(29056K)->28948K(29056K) Class: 3807K(3968K)->3807K(3968K)
[2025-03-25T06:08:33.508+0000][gc          ] GC(3) Pause Young (Normal) (G1 Evacuation Pause) 187M->143M(1024M) 7.471ms
[2025-03-25T06:08:33.508+0000][gc,cpu      ] GC(3) User=0.02s Sys=0.00s Real=0.01s
[2025-03-25T06:08:33.668+0000][gc,start    ] GC(4) Pause Young (Concurrent Start) (Metadata GC Threshold)
[2025-03-25T06:08:33.669+0000][gc,task     ] GC(4) Using 8 workers of 8 for evacuation
[2025-03-25T06:08:33.675+0000][gc,phases   ] GC(4)   Pre Evacuate Collection Set: 0.3ms
[2025-03-25T06:08:33.675+0000][gc,phases   ] GC(4)   Merge Heap Roots: 0.1ms
[2025-03-25T06:08:33.676+0000][gc,phases   ] GC(4)   Evacuate Collection Set: 4.5ms
[2025-03-25T06:08:33.676+0000][gc,phases   ] GC(4)   Post Evacuate Collection Set: 0.7ms
[2025-03-25T06:08:33.676+0000][gc,phases   ] GC(4)   Other: 1.1ms
[2025-03-25T06:08:33.677+0000][gc,heap     ] GC(4) Eden regions: 14->0(49)
[2025-03-25T06:08:33.677+0000][gc,heap     ] GC(4) Survivor regions: 6->2(7)
[2025-03-25T06:08:33.677+0000][gc,heap     ] GC(4) Old regions: 8->14
[2025-03-25T06:08:33.678+0000][gc,heap     ] GC(4) Archive regions: 2->2
[2025-03-25T06:08:33.678+0000][gc,heap     ] GC(4) Humongous regions: 129->129
[2025-03-25T06:08:33.678+0000][gc,metaspace] GC(4) Metaspace: 35950K(36288K)->35950K(36288K) NonClass: 31698K(31872K)->31698K(31872K) Class: 4252K(4416K)->4252K(4416K)
[2025-03-25T06:08:33.679+0000][gc          ] GC(4) Pause Young (Concurrent Start) (Metadata GC Threshold) 157M->144M(1024M) 10.545ms
[2025-03-25T06:08:33.679+0000][gc,cpu      ] GC(4) User=0.00s Sys=0.04s Real=0.01s
[2025-03-25T06:08:33.680+0000][gc          ] GC(5) Concurrent Mark Cycle
[2025-03-25T06:08:33.680+0000][gc,marking  ] GC(5) Concurrent Clear Claimed Marks
[2025-03-25T06:08:33.680+0000][gc,marking  ] GC(5) Concurrent Clear Claimed Marks 0.467ms
[2025-03-25T06:08:33.681+0000][gc,marking  ] GC(5) Concurrent Scan Root Regions
[2025-03-25T06:08:33.683+0000][gc,marking  ] GC(5) Concurrent Scan Root Regions 2.551ms
[2025-03-25T06:08:33.684+0000][gc,marking  ] GC(5) Concurrent Mark
[2025-03-25T06:08:33.684+0000][gc,marking  ] GC(5) Concurrent Mark From Roots
[2025-03-25T06:08:33.684+0000][gc,task     ] GC(5) Using 2 workers of 2 for marking
[2025-03-25T06:08:33.689+0000][gc,marking  ] GC(5) Concurrent Mark From Roots 5.112ms
[2025-03-25T06:08:33.689+0000][gc,marking  ] GC(5) Concurrent Preclean
[2025-03-25T06:08:33.690+0000][gc,marking  ] GC(5) Concurrent Preclean 0.379ms
[2025-03-25T06:08:33.690+0000][gc,start    ] GC(5) Pause Remark
[2025-03-25T06:08:33.693+0000][gc          ] GC(5) Pause Remark 145M->145M(1024M) 2.555ms
[2025-03-25T06:08:33.693+0000][gc,cpu      ] GC(5) User=0.02s Sys=0.00s Real=0.01s
[2025-03-25T06:08:33.694+0000][gc,marking  ] GC(5) Concurrent Mark 10.202ms
[2025-03-25T06:08:33.694+0000][gc,marking  ] GC(5) Concurrent Rebuild Remembered Sets
[2025-03-25T06:08:33.697+0000][gc,marking  ] GC(5) Concurrent Rebuild Remembered Sets 3.288ms
[2025-03-25T06:08:33.698+0000][gc,start    ] GC(5) Pause Cleanup
[2025-03-25T06:08:33.699+0000][gc          ] GC(5) Pause Cleanup 146M->146M(1024M) 0.594ms
[2025-03-25T06:08:33.699+0000][gc,cpu      ] GC(5) User=0.00s Sys=0.00s Real=0.00s
[2025-03-25T06:08:33.700+0000][gc,marking  ] GC(5) Concurrent Cleanup for Next Mark
[2025-03-25T06:08:33.703+0000][gc,marking  ] GC(5) Concurrent Cleanup for Next Mark 3.871ms
[2025-03-25T06:08:33.704+0000][gc          ] GC(5) Concurrent Mark Cycle 24.274ms
[2025-03-25T06:08:56.012+0000][gc,heap,exit] Heap
[2025-03-25T06:08:56.012+0000][gc,heap,exit]  garbage-first heap   total 1048576K, used 171884K [0x00000000c0000000, 0x0000000100000000)
[2025-03-25T06:08:56.013+0000][gc,heap,exit]   region size 1024K, 26 young (26624K), 2 survivors (2048K)
[2025-03-25T06:08:56.013+0000][gc,heap,exit]  Metaspace       used 39149K, committed 39680K, reserved 1114112K
[2025-03-25T06:08:56.013+0000][gc,heap,exit]   class space    used 4883K, committed 5120K, reserved 1048576K
