[2025-03-25T07:35:43.340+0000][gc] Using G1
[2025-03-25T07:35:43.345+0000][gc,init] Version: 17.0.14+7 (release)
[2025-03-25T07:35:43.345+0000][gc,init] CPUs: 8 total, 8 available
[2025-03-25T07:35:43.345+0000][gc,init] Memory: 7817M
[2025-03-25T07:35:43.345+0000][gc,init] Large Page Support: Disabled
[2025-03-25T07:35:43.346+0000][gc,init] NUMA Support: Disabled
[2025-03-25T07:35:43.346+0000][gc,init] Compressed Oops: Enabled (32-bit)
[2025-03-25T07:35:43.346+0000][gc,init] Heap Region Size: 1M
[2025-03-25T07:35:43.346+0000][gc,init] Heap Min Capacity: 1G
[2025-03-25T07:35:43.346+0000][gc,init] Heap Initial Capacity: 1G
[2025-03-25T07:35:43.347+0000][gc,init] Heap Max Capacity: 1G
[2025-03-25T07:35:43.347+0000][gc,init] Pre-touch: Disabled
[2025-03-25T07:35:43.347+0000][gc,init] Parallel Workers: 8
[2025-03-25T07:35:43.347+0000][gc,init] Concurrent Workers: 2
[2025-03-25T07:35:43.347+0000][gc,init] Concurrent Refinement Workers: 8
[2025-03-25T07:35:43.347+0000][gc,init] Periodic GC: Disabled
[2025-03-25T07:35:43.352+0000][gc,metaspace] CDS archive(s) mapped at: [0x00007fd21f000000-0x00007fd21fa60000-0x00007fd21fa60000), size 10878976, SharedBaseAddress: 0x00007fd21f000000, ArchiveRelocationMode: 1.
[2025-03-25T07:35:43.352+0000][gc,metaspace] Compressed class space mapped at: 0x00007fd220000000-0x00007fd260000000, reserved size: 1073741824
[2025-03-25T07:35:43.352+0000][gc,metaspace] Narrow klass base: 0x00007fd21f000000, Narrow klass shift: 0, Narrow klass range: 0x100000000
[2025-03-25T07:35:44.112+0000][gc,start    ] GC(0) Pause Young (Normal) (G1 Evacuation Pause)
[2025-03-25T07:35:44.113+0000][gc,task     ] GC(0) Using 8 workers of 8 for evacuation
[2025-03-25T07:35:44.122+0000][gc,phases   ] GC(0)   Pre Evacuate Collection Set: 0.2ms
[2025-03-25T07:35:44.122+0000][gc,phases   ] GC(0)   Merge Heap Roots: 0.2ms
[2025-03-25T07:35:44.123+0000][gc,phases   ] GC(0)   Evacuate Collection Set: 7.0ms
[2025-03-25T07:35:44.123+0000][gc,phases   ] GC(0)   Post Evacuate Collection Set: 1.0ms
[2025-03-25T07:35:44.123+0000][gc,phases   ] GC(0)   Other: 1.8ms
[2025-03-25T07:35:44.123+0000][gc,heap     ] GC(0) Eden regions: 51->0(44)
[2025-03-25T07:35:44.124+0000][gc,heap     ] GC(0) Survivor regions: 0->7(7)
[2025-03-25T07:35:44.124+0000][gc,heap     ] GC(0) Old regions: 0->1
[2025-03-25T07:35:44.124+0000][gc,heap     ] GC(0) Archive regions: 2->2
[2025-03-25T07:35:44.124+0000][gc,heap     ] GC(0) Humongous regions: 0->0
[2025-03-25T07:35:44.125+0000][gc,metaspace] GC(0) Metaspace: 17601K(17792K)->17601K(17792K) NonClass: 15410K(15488K)->15410K(15488K) Class: 2190K(2304K)->2190K(2304K)
[2025-03-25T07:35:44.125+0000][gc          ] GC(0) Pause Young (Normal) (G1 Evacuation Pause) 51M->8M(1024M) 13.055ms
[2025-03-25T07:35:44.125+0000][gc,cpu      ] GC(0) User=0.00s Sys=0.06s Real=0.02s
[2025-03-25T07:35:44.355+0000][gc,start    ] GC(1) Pause Young (Concurrent Start) (Metadata GC Threshold)
[2025-03-25T07:35:44.356+0000][gc,task     ] GC(1) Using 8 workers of 8 for evacuation
[2025-03-25T07:35:44.362+0000][gc,phases   ] GC(1)   Pre Evacuate Collection Set: 0.2ms
[2025-03-25T07:35:44.362+0000][gc,phases   ] GC(1)   Merge Heap Roots: 0.1ms
[2025-03-25T07:35:44.362+0000][gc,phases   ] GC(1)   Evacuate Collection Set: 4.8ms
[2025-03-25T07:35:44.362+0000][gc,phases   ] GC(1)   Post Evacuate Collection Set: 0.6ms
[2025-03-25T07:35:44.362+0000][gc,phases   ] GC(1)   Other: 0.6ms
[2025-03-25T07:35:44.363+0000][gc,heap     ] GC(1) Eden regions: 15->0(49)
[2025-03-25T07:35:44.363+0000][gc,heap     ] GC(1) Survivor regions: 7->2(7)
[2025-03-25T07:35:44.363+0000][gc,heap     ] GC(1) Old regions: 1->8
[2025-03-25T07:35:44.363+0000][gc,heap     ] GC(1) Archive regions: 2->2
[2025-03-25T07:35:44.363+0000][gc,heap     ] GC(1) Humongous regions: 0->0
[2025-03-25T07:35:44.364+0000][gc,metaspace] GC(1) Metaspace: 21368K(21504K)->21368K(21504K) NonClass: 18676K(18752K)->18676K(18752K) Class: 2691K(2752K)->2691K(2752K)
[2025-03-25T07:35:44.364+0000][gc          ] GC(1) Pause Young (Concurrent Start) (Metadata GC Threshold) 23M->9M(1024M) 8.547ms
[2025-03-25T07:35:44.364+0000][gc,cpu      ] GC(1) User=0.04s Sys=0.00s Real=0.00s
[2025-03-25T07:35:44.364+0000][gc          ] GC(2) Concurrent Mark Cycle
[2025-03-25T07:35:44.365+0000][gc,marking  ] GC(2) Concurrent Clear Claimed Marks
[2025-03-25T07:35:44.365+0000][gc,marking  ] GC(2) Concurrent Clear Claimed Marks 0.375ms
[2025-03-25T07:35:44.365+0000][gc,marking  ] GC(2) Concurrent Scan Root Regions
[2025-03-25T07:35:44.367+0000][gc,marking  ] GC(2) Concurrent Scan Root Regions 2.085ms
[2025-03-25T07:35:44.368+0000][gc,marking  ] GC(2) Concurrent Mark
[2025-03-25T07:35:44.368+0000][gc,marking  ] GC(2) Concurrent Mark From Roots
[2025-03-25T07:35:44.368+0000][gc,task     ] GC(2) Using 2 workers of 2 for marking
[2025-03-25T07:35:44.370+0000][gc,marking  ] GC(2) Concurrent Mark From Roots 2.246ms
[2025-03-25T07:35:44.370+0000][gc,marking  ] GC(2) Concurrent Preclean
[2025-03-25T07:35:44.371+0000][gc,marking  ] GC(2) Concurrent Preclean 0.271ms
[2025-03-25T07:35:44.371+0000][gc,start    ] GC(2) Pause Remark
[2025-03-25T07:35:44.373+0000][gc          ] GC(2) Pause Remark 10M->10M(1024M) 2.012ms
[2025-03-25T07:35:44.373+0000][gc,cpu      ] GC(2) User=0.01s Sys=0.00s Real=0.00s
[2025-03-25T07:35:44.374+0000][gc,marking  ] GC(2) Concurrent Mark 5.947ms
[2025-03-25T07:35:44.374+0000][gc,marking  ] GC(2) Concurrent Rebuild Remembered Sets
[2025-03-25T07:35:44.376+0000][gc,marking  ] GC(2) Concurrent Rebuild Remembered Sets 2.094ms
[2025-03-25T07:35:44.376+0000][gc,start    ] GC(2) Pause Cleanup
[2025-03-25T07:35:44.377+0000][gc          ] GC(2) Pause Cleanup 10M->10M(1024M) 0.426ms
[2025-03-25T07:35:44.377+0000][gc,cpu      ] GC(2) User=0.00s Sys=0.00s Real=0.00s
[2025-03-25T07:35:44.377+0000][gc,marking  ] GC(2) Concurrent Cleanup for Next Mark
[2025-03-25T07:35:44.380+0000][gc,marking  ] GC(2) Concurrent Cleanup for Next Mark 2.470ms
[2025-03-25T07:35:44.380+0000][gc          ] GC(2) Concurrent Mark Cycle 15.707ms
[2025-03-25T07:35:44.909+0000][gc,start    ] GC(3) Pause Young (Normal) (G1 Evacuation Pause)
[2025-03-25T07:35:44.910+0000][gc,task     ] GC(3) Using 8 workers of 8 for evacuation
[2025-03-25T07:35:44.914+0000][gc,phases   ] GC(3)   Pre Evacuate Collection Set: 0.2ms
[2025-03-25T07:35:44.914+0000][gc,phases   ] GC(3)   Merge Heap Roots: 0.1ms
[2025-03-25T07:35:44.914+0000][gc,phases   ] GC(3)   Evacuate Collection Set: 2.6ms
[2025-03-25T07:35:44.915+0000][gc,phases   ] GC(3)   Post Evacuate Collection Set: 0.7ms
[2025-03-25T07:35:44.915+0000][gc,phases   ] GC(3)   Other: 1.1ms
[2025-03-25T07:35:44.916+0000][gc,heap     ] GC(3) Eden regions: 49->0(44)
[2025-03-25T07:35:44.916+0000][gc,heap     ] GC(3) Survivor regions: 2->7(7)
[2025-03-25T07:35:44.916+0000][gc,heap     ] GC(3) Old regions: 8->8
[2025-03-25T07:35:44.917+0000][gc,heap     ] GC(3) Archive regions: 2->2
[2025-03-25T07:35:44.917+0000][gc,heap     ] GC(3) Humongous regions: 129->129
[2025-03-25T07:35:44.917+0000][gc,metaspace] GC(3) Metaspace: 32749K(33088K)->32749K(33088K) NonClass: 28943K(29120K)->28943K(29120K) Class: 3806K(3968K)->3806K(3968K)
[2025-03-25T07:35:44.918+0000][gc          ] GC(3) Pause Young (Normal) (G1 Evacuation Pause) 187M->143M(1024M) 8.611ms
[2025-03-25T07:35:44.918+0000][gc,cpu      ] GC(3) User=0.02s Sys=0.00s Real=0.01s
[2025-03-25T07:35:45.084+0000][gc,start    ] GC(4) Pause Young (Concurrent Start) (Metadata GC Threshold)
[2025-03-25T07:35:45.084+0000][gc,task     ] GC(4) Using 8 workers of 8 for evacuation
[2025-03-25T07:35:45.091+0000][gc,phases   ] GC(4)   Pre Evacuate Collection Set: 0.2ms
[2025-03-25T07:35:45.092+0000][gc,phases   ] GC(4)   Merge Heap Roots: 0.1ms
[2025-03-25T07:35:45.092+0000][gc,phases   ] GC(4)   Evacuate Collection Set: 5.3ms
[2025-03-25T07:35:45.093+0000][gc,phases   ] GC(4)   Post Evacuate Collection Set: 0.8ms
[2025-03-25T07:35:45.093+0000][gc,phases   ] GC(4)   Other: 1.0ms
[2025-03-25T07:35:45.093+0000][gc,heap     ] GC(4) Eden regions: 14->0(50)
[2025-03-25T07:35:45.094+0000][gc,heap     ] GC(4) Survivor regions: 7->1(7)
[2025-03-25T07:35:45.094+0000][gc,heap     ] GC(4) Old regions: 8->14
[2025-03-25T07:35:45.094+0000][gc,heap     ] GC(4) Archive regions: 2->2
[2025-03-25T07:35:45.095+0000][gc,heap     ] GC(4) Humongous regions: 129->129
[2025-03-25T07:35:45.095+0000][gc,metaspace] GC(4) Metaspace: 35847K(36160K)->35847K(36160K) NonClass: 31607K(31744K)->31607K(31744K) Class: 4240K(4416K)->4240K(4416K)
[2025-03-25T07:35:45.095+0000][gc          ] GC(4) Pause Young (Concurrent Start) (Metadata GC Threshold) 156M->144M(1024M) 11.299ms
[2025-03-25T07:35:45.096+0000][gc,cpu      ] GC(4) User=0.04s Sys=0.01s Real=0.02s
[2025-03-25T07:35:45.096+0000][gc          ] GC(5) Concurrent Mark Cycle
[2025-03-25T07:35:45.096+0000][gc,marking  ] GC(5) Concurrent Clear Claimed Marks
[2025-03-25T07:35:45.096+0000][gc,marking  ] GC(5) Concurrent Clear Claimed Marks 0.238ms
[2025-03-25T07:35:45.097+0000][gc,marking  ] GC(5) Concurrent Scan Root Regions
[2025-03-25T07:35:45.099+0000][gc,marking  ] GC(5) Concurrent Scan Root Regions 2.866ms
[2025-03-25T07:35:45.100+0000][gc,marking  ] GC(5) Concurrent Mark
[2025-03-25T07:35:45.100+0000][gc,marking  ] GC(5) Concurrent Mark From Roots
[2025-03-25T07:35:45.100+0000][gc,task     ] GC(5) Using 2 workers of 2 for marking
[2025-03-25T07:35:45.106+0000][gc,marking  ] GC(5) Concurrent Mark From Roots 6.222ms
[2025-03-25T07:35:45.107+0000][gc,marking  ] GC(5) Concurrent Preclean
[2025-03-25T07:35:45.107+0000][gc,marking  ] GC(5) Concurrent Preclean 0.366ms
[2025-03-25T07:35:45.108+0000][gc,start    ] GC(5) Pause Remark
[2025-03-25T07:35:45.110+0000][gc          ] GC(5) Pause Remark 145M->145M(1024M) 2.469ms
[2025-03-25T07:35:45.110+0000][gc,cpu      ] GC(5) User=0.01s Sys=0.00s Real=0.00s
[2025-03-25T07:35:45.111+0000][gc,marking  ] GC(5) Concurrent Mark 11.118ms
[2025-03-25T07:35:45.111+0000][gc,marking  ] GC(5) Concurrent Rebuild Remembered Sets
[2025-03-25T07:35:45.115+0000][gc,marking  ] GC(5) Concurrent Rebuild Remembered Sets 4.014ms
[2025-03-25T07:35:45.116+0000][gc,start    ] GC(5) Pause Cleanup
[2025-03-25T07:35:45.116+0000][gc          ] GC(5) Pause Cleanup 145M->145M(1024M) 0.597ms
[2025-03-25T07:35:45.117+0000][gc,cpu      ] GC(5) User=0.00s Sys=0.00s Real=0.00s
[2025-03-25T07:35:45.117+0000][gc,marking  ] GC(5) Concurrent Cleanup for Next Mark
[2025-03-25T07:35:45.122+0000][gc,marking  ] GC(5) Concurrent Cleanup for Next Mark 5.195ms
[2025-03-25T07:35:45.123+0000][gc          ] GC(5) Concurrent Mark Cycle 26.857ms
[2025-03-25T07:38:32.669+0000][gc,heap,exit] Heap
[2025-03-25T07:38:32.670+0000][gc,heap,exit]  garbage-first heap   total 1048576K, used 174179K [0x00000000c0000000, 0x0000000100000000)
[2025-03-25T07:38:32.670+0000][gc,heap,exit]   region size 1024K, 27 young (27648K), 1 survivors (1024K)
[2025-03-25T07:38:32.670+0000][gc,heap,exit]  Metaspace       used 39412K, committed 39936K, reserved 1114112K
[2025-03-25T07:38:32.670+0000][gc,heap,exit]   class space    used 4902K, committed 5120K, reserved 1048576K
