[2025-03-25T06:09:44.040+0000][gc] Using G1
[2025-03-25T06:09:44.045+0000][gc,init] Version: 17.0.14+7 (release)
[2025-03-25T06:09:44.045+0000][gc,init] CPUs: 8 total, 8 available
[2025-03-25T06:09:44.046+0000][gc,init] Memory: 7817M
[2025-03-25T06:09:44.046+0000][gc,init] Large Page Support: Disabled
[2025-03-25T06:09:44.046+0000][gc,init] NUMA Support: Disabled
[2025-03-25T06:09:44.046+0000][gc,init] Compressed Oops: Enabled (32-bit)
[2025-03-25T06:09:44.046+0000][gc,init] Heap Region Size: 1M
[2025-03-25T06:09:44.047+0000][gc,init] Heap Min Capacity: 1G
[2025-03-25T06:09:44.047+0000][gc,init] Heap Initial Capacity: 1G
[2025-03-25T06:09:44.047+0000][gc,init] Heap Max Capacity: 1G
[2025-03-25T06:09:44.047+0000][gc,init] Pre-touch: Disabled
[2025-03-25T06:09:44.047+0000][gc,init] Parallel Workers: 8
[2025-03-25T06:09:44.047+0000][gc,init] Concurrent Workers: 2
[2025-03-25T06:09:44.047+0000][gc,init] Concurrent Refinement Workers: 8
[2025-03-25T06:09:44.048+0000][gc,init] Periodic GC: Disabled
[2025-03-25T06:09:44.052+0000][gc,metaspace] CDS archive(s) mapped at: [0x00007ff997000000-0x00007ff997a60000-0x00007ff997a60000), size 10878976, SharedBaseAddress: 0x00007ff997000000, ArchiveRelocationMode: 1.
[2025-03-25T06:09:44.052+0000][gc,metaspace] Compressed class space mapped at: 0x00007ff998000000-0x00007ff9d8000000, reserved size: 1073741824
[2025-03-25T06:09:44.052+0000][gc,metaspace] Narrow klass base: 0x00007ff997000000, Narrow klass shift: 0, Narrow klass range: 0x100000000
[2025-03-25T06:09:44.746+0000][gc,start    ] GC(0) Pause Young (Normal) (G1 Evacuation Pause)
[2025-03-25T06:09:44.748+0000][gc,task     ] GC(0) Using 8 workers of 8 for evacuation
[2025-03-25T06:09:44.753+0000][gc,phases   ] GC(0)   Pre Evacuate Collection Set: 0.2ms
[2025-03-25T06:09:44.754+0000][gc,phases   ] GC(0)   Merge Heap Roots: 0.2ms
[2025-03-25T06:09:44.754+0000][gc,phases   ] GC(0)   Evacuate Collection Set: 3.0ms
[2025-03-25T06:09:44.754+0000][gc,phases   ] GC(0)   Post Evacuate Collection Set: 1.0ms
[2025-03-25T06:09:44.755+0000][gc,phases   ] GC(0)   Other: 3.0ms
[2025-03-25T06:09:44.755+0000][gc,heap     ] GC(0) Eden regions: 51->0(44)
[2025-03-25T06:09:44.756+0000][gc,heap     ] GC(0) Survivor regions: 0->7(7)
[2025-03-25T06:09:44.756+0000][gc,heap     ] GC(0) Old regions: 0->1
[2025-03-25T06:09:44.756+0000][gc,heap     ] GC(0) Archive regions: 2->2
[2025-03-25T06:09:44.757+0000][gc,heap     ] GC(0) Humongous regions: 0->0
[2025-03-25T06:09:44.757+0000][gc,metaspace] GC(0) Metaspace: 17583K(17792K)->17583K(17792K) NonClass: 15393K(15488K)->15393K(15488K) Class: 2189K(2304K)->2189K(2304K)
[2025-03-25T06:09:44.757+0000][gc          ] GC(0) Pause Young (Normal) (G1 Evacuation Pause) 51M->8M(1024M) 11.348ms
[2025-03-25T06:09:44.758+0000][gc,cpu      ] GC(0) User=0.02s Sys=0.01s Real=0.01s
[2025-03-25T06:09:45.374+0000][gc,start    ] GC(1) Pause Young (Concurrent Start) (Metadata GC Threshold)
[2025-03-25T06:09:45.375+0000][gc,task     ] GC(1) Using 8 workers of 8 for evacuation
[2025-03-25T06:09:45.382+0000][gc,phases   ] GC(1)   Pre Evacuate Collection Set: 0.2ms
[2025-03-25T06:09:45.382+0000][gc,phases   ] GC(1)   Merge Heap Roots: 0.1ms
[2025-03-25T06:09:45.383+0000][gc,phases   ] GC(1)   Evacuate Collection Set: 5.5ms
[2025-03-25T06:09:45.383+0000][gc,phases   ] GC(1)   Post Evacuate Collection Set: 0.9ms
[2025-03-25T06:09:45.383+0000][gc,phases   ] GC(1)   Other: 1.0ms
[2025-03-25T06:09:45.384+0000][gc,heap     ] GC(1) Eden regions: 16->0(49)
[2025-03-25T06:09:45.384+0000][gc,heap     ] GC(1) Survivor regions: 7->2(7)
[2025-03-25T06:09:45.384+0000][gc,heap     ] GC(1) Old regions: 1->8
[2025-03-25T06:09:45.385+0000][gc,heap     ] GC(1) Archive regions: 2->2
[2025-03-25T06:09:45.385+0000][gc,heap     ] GC(1) Humongous regions: 129->129
[2025-03-25T06:09:45.386+0000][gc,metaspace] GC(1) Metaspace: 21360K(21504K)->21360K(21504K) NonClass: 18688K(18752K)->18688K(18752K) Class: 2671K(2752K)->2671K(2752K)
[2025-03-25T06:09:45.386+0000][gc          ] GC(1) Pause Young (Concurrent Start) (Metadata GC Threshold) 153M->139M(1024M) 11.632ms
[2025-03-25T06:09:45.386+0000][gc,cpu      ] GC(1) User=0.01s Sys=0.03s Real=0.01s
[2025-03-25T06:09:45.387+0000][gc          ] GC(2) Concurrent Mark Cycle
[2025-03-25T06:09:45.387+0000][gc,marking  ] GC(2) Concurrent Clear Claimed Marks
[2025-03-25T06:09:45.387+0000][gc,marking  ] GC(2) Concurrent Clear Claimed Marks 0.260ms
[2025-03-25T06:09:45.388+0000][gc,marking  ] GC(2) Concurrent Scan Root Regions
[2025-03-25T06:09:45.390+0000][gc,marking  ] GC(2) Concurrent Scan Root Regions 2.469ms
[2025-03-25T06:09:45.390+0000][gc,marking  ] GC(2) Concurrent Mark
[2025-03-25T06:09:45.391+0000][gc,marking  ] GC(2) Concurrent Mark From Roots
[2025-03-25T06:09:45.391+0000][gc,task     ] GC(2) Using 2 workers of 2 for marking
[2025-03-25T06:09:45.393+0000][gc,marking  ] GC(2) Concurrent Mark From Roots 2.345ms
[2025-03-25T06:09:45.393+0000][gc,marking  ] GC(2) Concurrent Preclean
[2025-03-25T06:09:45.394+0000][gc,marking  ] GC(2) Concurrent Preclean 0.292ms
[2025-03-25T06:09:45.394+0000][gc,start    ] GC(2) Pause Remark
[2025-03-25T06:09:45.396+0000][gc          ] GC(2) Pause Remark 140M->140M(1024M) 2.017ms
[2025-03-25T06:09:45.397+0000][gc,cpu      ] GC(2) User=0.00s Sys=0.00s Real=0.00s
[2025-03-25T06:09:45.397+0000][gc,marking  ] GC(2) Concurrent Mark 6.886ms
[2025-03-25T06:09:45.398+0000][gc,marking  ] GC(2) Concurrent Rebuild Remembered Sets
[2025-03-25T06:09:45.401+0000][gc,marking  ] GC(2) Concurrent Rebuild Remembered Sets 3.177ms
[2025-03-25T06:09:45.401+0000][gc,start    ] GC(2) Pause Cleanup
[2025-03-25T06:09:45.402+0000][gc          ] GC(2) Pause Cleanup 140M->140M(1024M) 0.734ms
[2025-03-25T06:09:45.402+0000][gc,cpu      ] GC(2) User=0.00s Sys=0.00s Real=0.00s
[2025-03-25T06:09:45.403+0000][gc,marking  ] GC(2) Concurrent Cleanup for Next Mark
[2025-03-25T06:09:45.470+0000][gc,marking  ] GC(2) Concurrent Cleanup for Next Mark 66.719ms
[2025-03-25T06:09:45.470+0000][gc          ] GC(2) Concurrent Mark Cycle 83.301ms
[2025-03-25T06:09:45.995+0000][gc,start    ] GC(3) Pause Young (Normal) (G1 Evacuation Pause)
[2025-03-25T06:09:45.996+0000][gc,task     ] GC(3) Using 8 workers of 8 for evacuation
[2025-03-25T06:09:46.000+0000][gc,phases   ] GC(3)   Pre Evacuate Collection Set: 0.2ms
[2025-03-25T06:09:46.001+0000][gc,phases   ] GC(3)   Merge Heap Roots: 0.1ms
[2025-03-25T06:09:46.001+0000][gc,phases   ] GC(3)   Evacuate Collection Set: 3.3ms
[2025-03-25T06:09:46.001+0000][gc,phases   ] GC(3)   Post Evacuate Collection Set: 0.7ms
[2025-03-25T06:09:46.001+0000][gc,phases   ] GC(3)   Other: 0.6ms
[2025-03-25T06:09:46.002+0000][gc,heap     ] GC(3) Eden regions: 49->0(44)
[2025-03-25T06:09:46.002+0000][gc,heap     ] GC(3) Survivor regions: 2->7(7)
[2025-03-25T06:09:46.002+0000][gc,heap     ] GC(3) Old regions: 8->8
[2025-03-25T06:09:46.002+0000][gc,heap     ] GC(3) Archive regions: 2->2
[2025-03-25T06:09:46.002+0000][gc,heap     ] GC(3) Humongous regions: 129->129
[2025-03-25T06:09:46.003+0000][gc,metaspace] GC(3) Metaspace: 32736K(33024K)->32736K(33024K) NonClass: 28994K(29184K)->28994K(29184K) Class: 3742K(3840K)->3742K(3840K)
[2025-03-25T06:09:46.003+0000][gc          ] GC(3) Pause Young (Normal) (G1 Evacuation Pause) 188M->143M(1024M) 7.353ms
[2025-03-25T06:09:46.003+0000][gc,cpu      ] GC(3) User=0.02s Sys=0.00s Real=0.01s
[2025-03-25T06:09:51.327+0000][gc,start    ] GC(4) Pause Young (Concurrent Start) (Metadata GC Threshold)
[2025-03-25T06:09:51.327+0000][gc,task     ] GC(4) Using 8 workers of 8 for evacuation
[2025-03-25T06:09:51.338+0000][gc,phases   ] GC(4)   Pre Evacuate Collection Set: 0.3ms
[2025-03-25T06:09:51.338+0000][gc,phases   ] GC(4)   Merge Heap Roots: 0.1ms
[2025-03-25T06:09:51.339+0000][gc,phases   ] GC(4)   Evacuate Collection Set: 9.3ms
[2025-03-25T06:09:51.339+0000][gc,phases   ] GC(4)   Post Evacuate Collection Set: 0.7ms
[2025-03-25T06:09:51.339+0000][gc,phases   ] GC(4)   Other: 0.8ms
[2025-03-25T06:09:51.339+0000][gc,heap     ] GC(4) Eden regions: 16->0(49)
[2025-03-25T06:09:51.340+0000][gc,heap     ] GC(4) Survivor regions: 7->2(7)
[2025-03-25T06:09:51.340+0000][gc,heap     ] GC(4) Old regions: 8->14
[2025-03-25T06:09:51.340+0000][gc,heap     ] GC(4) Archive regions: 2->2
[2025-03-25T06:09:51.341+0000][gc,heap     ] GC(4) Humongous regions: 129->129
[2025-03-25T06:09:51.341+0000][gc,metaspace] GC(4) Metaspace: 35795K(36160K)->35795K(36160K) NonClass: 31501K(31680K)->31501K(31680K) Class: 4293K(4480K)->4293K(4480K)
[2025-03-25T06:09:51.341+0000][gc          ] GC(4) Pause Young (Concurrent Start) (Metadata GC Threshold) 159M->145M(1024M) 14.393ms
[2025-03-25T06:09:51.341+0000][gc,cpu      ] GC(4) User=0.07s Sys=0.00s Real=0.02s
[2025-03-25T06:09:51.342+0000][gc          ] GC(5) Concurrent Mark Cycle
[2025-03-25T06:09:51.342+0000][gc,marking  ] GC(5) Concurrent Clear Claimed Marks
[2025-03-25T06:09:51.342+0000][gc,marking  ] GC(5) Concurrent Clear Claimed Marks 0.301ms
[2025-03-25T06:09:51.342+0000][gc,marking  ] GC(5) Concurrent Scan Root Regions
[2025-03-25T06:09:51.345+0000][gc,marking  ] GC(5) Concurrent Scan Root Regions 2.844ms
[2025-03-25T06:09:51.346+0000][gc,marking  ] GC(5) Concurrent Mark
[2025-03-25T06:09:51.346+0000][gc,marking  ] GC(5) Concurrent Mark From Roots
[2025-03-25T06:09:51.346+0000][gc,task     ] GC(5) Using 2 workers of 2 for marking
[2025-03-25T06:09:51.354+0000][gc,marking  ] GC(5) Concurrent Mark From Roots 7.840ms
[2025-03-25T06:09:51.354+0000][gc,marking  ] GC(5) Concurrent Preclean
[2025-03-25T06:09:51.355+0000][gc,marking  ] GC(5) Concurrent Preclean 0.455ms
[2025-03-25T06:09:51.356+0000][gc,start    ] GC(5) Pause Remark
[2025-03-25T06:09:51.358+0000][gc          ] GC(5) Pause Remark 145M->145M(1024M) 2.418ms
[2025-03-25T06:09:51.359+0000][gc,cpu      ] GC(5) User=0.00s Sys=0.01s Real=0.01s
[2025-03-25T06:09:51.359+0000][gc,marking  ] GC(5) Concurrent Mark 13.119ms
[2025-03-25T06:09:51.359+0000][gc,marking  ] GC(5) Concurrent Rebuild Remembered Sets
[2025-03-25T06:09:51.364+0000][gc,marking  ] GC(5) Concurrent Rebuild Remembered Sets 5.244ms
[2025-03-25T06:09:51.365+0000][gc,start    ] GC(5) Pause Cleanup
[2025-03-25T06:09:51.365+0000][gc          ] GC(5) Pause Cleanup 145M->145M(1024M) 0.515ms
[2025-03-25T06:09:51.366+0000][gc,cpu      ] GC(5) User=0.00s Sys=0.00s Real=0.00s
[2025-03-25T06:09:51.366+0000][gc,marking  ] GC(5) Concurrent Cleanup for Next Mark
[2025-03-25T06:09:51.419+0000][gc,marking  ] GC(5) Concurrent Cleanup for Next Mark 52.789ms
[2025-03-25T06:09:51.419+0000][gc          ] GC(5) Concurrent Mark Cycle 77.586ms
[2025-03-25T06:14:15.524+0000][gc,heap,exit] Heap
[2025-03-25T06:14:15.525+0000][gc,heap,exit]  garbage-first heap   total 1048576K, used 179786K [0x00000000c0000000, 0x0000000100000000)
[2025-03-25T06:14:15.525+0000][gc,heap,exit]   region size 1024K, 33 young (33792K), 2 survivors (2048K)
[2025-03-25T06:14:15.525+0000][gc,heap,exit]  Metaspace       used 40036K, committed 40576K, reserved 1114112K
[2025-03-25T06:14:15.526+0000][gc,heap,exit]   class space    used 4971K, committed 5248K, reserved 1048576K
