[2025-03-25T06:08:13.075+0000][gc] Using G1
[2025-03-25T06:08:13.080+0000][gc,init] Version: 17.0.14+7 (release)
[2025-03-25T06:08:13.080+0000][gc,init] CPUs: 8 total, 8 available
[2025-03-25T06:08:13.081+0000][gc,init] Memory: 7817M
[2025-03-25T06:08:13.081+0000][gc,init] Large Page Support: Disabled
[2025-03-25T06:08:13.081+0000][gc,init] NUMA Support: Disabled
[2025-03-25T06:08:13.082+0000][gc,init] Compressed Oops: Enabled (32-bit)
[2025-03-25T06:08:13.082+0000][gc,init] Heap Region Size: 1M
[2025-03-25T06:08:13.083+0000][gc,init] Heap Min Capacity: 1G
[2025-03-25T06:08:13.084+0000][gc,init] Heap Initial Capacity: 1G
[2025-03-25T06:08:13.084+0000][gc,init] Heap Max Capacity: 1G
[2025-03-25T06:08:13.084+0000][gc,init] Pre-touch: Disabled
[2025-03-25T06:08:13.084+0000][gc,init] Parallel Workers: 8
[2025-03-25T06:08:13.084+0000][gc,init] Concurrent Workers: 2
[2025-03-25T06:08:13.085+0000][gc,init] Concurrent Refinement Workers: 8
[2025-03-25T06:08:13.085+0000][gc,init] Periodic GC: Disabled
[2025-03-25T06:08:13.088+0000][gc,metaspace] CDS archive(s) mapped at: [0x00007f6e73000000-0x00007f6e73a60000-0x00007f6e73a60000), size 10878976, SharedBaseAddress: 0x00007f6e73000000, ArchiveRelocationMode: 1.
[2025-03-25T06:08:13.089+0000][gc,metaspace] Compressed class space mapped at: 0x00007f6e74000000-0x00007f6eb4000000, reserved size: 1073741824
[2025-03-25T06:08:13.089+0000][gc,metaspace] Narrow klass base: 0x00007f6e73000000, Narrow klass shift: 0, Narrow klass range: 0x100000000
[2025-03-25T06:08:13.821+0000][gc,start    ] GC(0) Pause Young (Normal) (G1 Evacuation Pause)
[2025-03-25T06:08:13.823+0000][gc,task     ] GC(0) Using 8 workers of 8 for evacuation
[2025-03-25T06:08:13.829+0000][gc,phases   ] GC(0)   Pre Evacuate Collection Set: 0.2ms
[2025-03-25T06:08:13.829+0000][gc,phases   ] GC(0)   Merge Heap Roots: 0.1ms
[2025-03-25T06:08:13.829+0000][gc,phases   ] GC(0)   Evacuate Collection Set: 3.9ms
[2025-03-25T06:08:13.830+0000][gc,phases   ] GC(0)   Post Evacuate Collection Set: 0.9ms
[2025-03-25T06:08:13.830+0000][gc,phases   ] GC(0)   Other: 2.4ms
[2025-03-25T06:08:13.831+0000][gc,heap     ] GC(0) Eden regions: 51->0(44)
[2025-03-25T06:08:13.831+0000][gc,heap     ] GC(0) Survivor regions: 0->7(7)
[2025-03-25T06:08:13.831+0000][gc,heap     ] GC(0) Old regions: 0->1
[2025-03-25T06:08:13.832+0000][gc,heap     ] GC(0) Archive regions: 2->2
[2025-03-25T06:08:13.832+0000][gc,heap     ] GC(0) Humongous regions: 0->0
[2025-03-25T06:08:13.833+0000][gc,metaspace] GC(0) Metaspace: 17603K(17792K)->17603K(17792K) NonClass: 15412K(15488K)->15412K(15488K) Class: 2190K(2304K)->2190K(2304K)
[2025-03-25T06:08:13.833+0000][gc          ] GC(0) Pause Young (Normal) (G1 Evacuation Pause) 51M->8M(1024M) 11.849ms
[2025-03-25T06:08:13.833+0000][gc,cpu      ] GC(0) User=0.03s Sys=0.00s Real=0.02s
[2025-03-25T06:08:14.033+0000][gc,start    ] GC(1) Pause Young (Concurrent Start) (Metadata GC Threshold)
[2025-03-25T06:08:14.034+0000][gc,task     ] GC(1) Using 8 workers of 8 for evacuation
[2025-03-25T06:08:14.038+0000][gc,phases   ] GC(1)   Pre Evacuate Collection Set: 0.2ms
[2025-03-25T06:08:14.039+0000][gc,phases   ] GC(1)   Merge Heap Roots: 0.1ms
[2025-03-25T06:08:14.039+0000][gc,phases   ] GC(1)   Evacuate Collection Set: 2.9ms
[2025-03-25T06:08:14.039+0000][gc,phases   ] GC(1)   Post Evacuate Collection Set: 0.9ms
[2025-03-25T06:08:14.040+0000][gc,phases   ] GC(1)   Other: 1.1ms
[2025-03-25T06:08:14.040+0000][gc,heap     ] GC(1) Eden regions: 15->0(49)
[2025-03-25T06:08:14.040+0000][gc,heap     ] GC(1) Survivor regions: 7->2(7)
[2025-03-25T06:08:14.041+0000][gc,heap     ] GC(1) Old regions: 1->8
[2025-03-25T06:08:14.041+0000][gc,heap     ] GC(1) Archive regions: 2->2
[2025-03-25T06:08:14.041+0000][gc,heap     ] GC(1) Humongous regions: 0->0
[2025-03-25T06:08:14.041+0000][gc,metaspace] GC(1) Metaspace: 21358K(21504K)->21358K(21504K) NonClass: 18666K(18752K)->18666K(18752K) Class: 2692K(2752K)->2692K(2752K)
[2025-03-25T06:08:14.042+0000][gc          ] GC(1) Pause Young (Concurrent Start) (Metadata GC Threshold) 23M->9M(1024M) 8.644ms
[2025-03-25T06:08:14.042+0000][gc,cpu      ] GC(1) User=0.03s Sys=0.00s Real=0.01s
[2025-03-25T06:08:14.042+0000][gc          ] GC(2) Concurrent Mark Cycle
[2025-03-25T06:08:14.043+0000][gc,marking  ] GC(2) Concurrent Clear Claimed Marks
[2025-03-25T06:08:14.043+0000][gc,marking  ] GC(2) Concurrent Clear Claimed Marks 0.232ms
[2025-03-25T06:08:14.043+0000][gc,marking  ] GC(2) Concurrent Scan Root Regions
[2025-03-25T06:08:14.045+0000][gc,marking  ] GC(2) Concurrent Scan Root Regions 1.691ms
[2025-03-25T06:08:14.045+0000][gc,marking  ] GC(2) Concurrent Mark
[2025-03-25T06:08:14.045+0000][gc,marking  ] GC(2) Concurrent Mark From Roots
[2025-03-25T06:08:14.046+0000][gc,task     ] GC(2) Using 2 workers of 2 for marking
[2025-03-25T06:08:14.048+0000][gc,marking  ] GC(2) Concurrent Mark From Roots 3.180ms
[2025-03-25T06:08:14.049+0000][gc,marking  ] GC(2) Concurrent Preclean
[2025-03-25T06:08:14.050+0000][gc,marking  ] GC(2) Concurrent Preclean 0.340ms
[2025-03-25T06:08:14.141+0000][gc,start    ] GC(2) Pause Remark
[2025-03-25T06:08:14.143+0000][gc          ] GC(2) Pause Remark 140M->140M(1024M) 2.402ms
[2025-03-25T06:08:14.144+0000][gc,cpu      ] GC(2) User=0.00s Sys=0.00s Real=0.01s
[2025-03-25T06:08:14.144+0000][gc,marking  ] GC(2) Concurrent Mark 99.158ms
[2025-03-25T06:08:14.144+0000][gc,marking  ] GC(2) Concurrent Rebuild Remembered Sets
[2025-03-25T06:08:14.146+0000][gc,marking  ] GC(2) Concurrent Rebuild Remembered Sets 1.952ms
[2025-03-25T06:08:14.147+0000][gc,start    ] GC(2) Pause Cleanup
[2025-03-25T06:08:14.148+0000][gc          ] GC(2) Pause Cleanup 140M->140M(1024M) 0.678ms
[2025-03-25T06:08:14.148+0000][gc,cpu      ] GC(2) User=0.00s Sys=0.00s Real=0.00s
[2025-03-25T06:08:14.148+0000][gc,marking  ] GC(2) Concurrent Cleanup for Next Mark
[2025-03-25T06:08:14.154+0000][gc,marking  ] GC(2) Concurrent Cleanup for Next Mark 5.594ms
[2025-03-25T06:08:14.154+0000][gc          ] GC(2) Concurrent Mark Cycle 112.107ms
[2025-03-25T06:08:14.715+0000][gc,heap,exit] Heap
[2025-03-25T06:08:14.715+0000][gc,heap,exit]  garbage-first heap   total 1048576K, used 191121K [0x00000000c0000000, 0x0000000100000000)
[2025-03-25T06:08:14.716+0000][gc,heap,exit]   region size 1024K, 50 young (51200K), 2 survivors (2048K)
[2025-03-25T06:08:14.716+0000][gc,heap,exit]  Metaspace       used 31148K, committed 31488K, reserved 1114112K
[2025-03-25T06:08:14.717+0000][gc,heap,exit]   class space    used 3741K, committed 3904K, reserved 1048576K
