[2025-03-27T07:09:14.491+0000][gc] Using G1
[2025-03-27T07:09:14.499+0000][gc,init] Version: 17.0.14+7 (release)
[2025-03-27T07:09:14.500+0000][gc,init] CPUs: 8 total, 8 available
[2025-03-27T07:09:14.501+0000][gc,init] Memory: 7817M
[2025-03-27T07:09:14.501+0000][gc,init] Large Page Support: Disabled
[2025-03-27T07:09:14.501+0000][gc,init] NUMA Support: Disabled
[2025-03-27T07:09:14.502+0000][gc,init] Compressed Oops: Enabled (32-bit)
[2025-03-27T07:09:14.502+0000][gc,init] Heap Region Size: 1M
[2025-03-27T07:09:14.503+0000][gc,init] Heap Min Capacity: 1G
[2025-03-27T07:09:14.503+0000][gc,init] Heap Initial Capacity: 1G
[2025-03-27T07:09:14.503+0000][gc,init] Heap Max Capacity: 1G
[2025-03-27T07:09:14.504+0000][gc,init] Pre-touch: Disabled
[2025-03-27T07:09:14.504+0000][gc,init] Parallel Workers: 8
[2025-03-27T07:09:14.504+0000][gc,init] Concurrent Workers: 2
[2025-03-27T07:09:14.504+0000][gc,init] Concurrent Refinement Workers: 8
[2025-03-27T07:09:14.505+0000][gc,init] Periodic GC: Disabled
[2025-03-27T07:09:14.511+0000][gc,metaspace] CDS archive(s) mapped at: [0x00007f928b000000-0x00007f928ba60000-0x00007f928ba60000), size 10878976, SharedBaseAddress: 0x00007f928b000000, ArchiveRelocationMode: 1.
[2025-03-27T07:09:14.512+0000][gc,metaspace] Compressed class space mapped at: 0x00007f928c000000-0x00007f92cc000000, reserved size: 1073741824
[2025-03-27T07:09:14.513+0000][gc,metaspace] Narrow klass base: 0x00007f928b000000, Narrow klass shift: 0, Narrow klass range: 0x100000000
[2025-03-27T07:09:15.926+0000][gc,start    ] GC(0) Pause Young (Normal) (G1 Evacuation Pause)
[2025-03-27T07:09:15.930+0000][gc,task     ] GC(0) Using 8 workers of 8 for evacuation
[2025-03-27T07:09:15.940+0000][gc,phases   ] GC(0)   Pre Evacuate Collection Set: 0.3ms
[2025-03-27T07:09:15.941+0000][gc,phases   ] GC(0)   Merge Heap Roots: 0.5ms
[2025-03-27T07:09:15.941+0000][gc,phases   ] GC(0)   Evacuate Collection Set: 7.5ms
[2025-03-27T07:09:15.942+0000][gc,phases   ] GC(0)   Post Evacuate Collection Set: 1.3ms
[2025-03-27T07:09:15.942+0000][gc,phases   ] GC(0)   Other: 3.9ms
[2025-03-27T07:09:15.943+0000][gc,heap     ] GC(0) Eden regions: 51->0(44)
[2025-03-27T07:09:15.944+0000][gc,heap     ] GC(0) Survivor regions: 0->7(7)
[2025-03-27T07:09:15.944+0000][gc,heap     ] GC(0) Old regions: 0->1
[2025-03-27T07:09:15.945+0000][gc,heap     ] GC(0) Archive regions: 2->2
[2025-03-27T07:09:15.945+0000][gc,heap     ] GC(0) Humongous regions: 0->0
[2025-03-27T07:09:15.946+0000][gc,metaspace] GC(0) Metaspace: 17607K(17792K)->17607K(17792K) NonClass: 15416K(15488K)->15416K(15488K) Class: 2190K(2304K)->2190K(2304K)
[2025-03-27T07:09:15.946+0000][gc          ] GC(0) Pause Young (Normal) (G1 Evacuation Pause) 51M->8M(1024M) 19.945ms
[2025-03-27T07:09:15.947+0000][gc,cpu      ] GC(0) User=0.02s Sys=0.03s Real=0.02s
[2025-03-27T07:09:16.234+0000][gc,start    ] GC(1) Pause Young (Concurrent Start) (Metadata GC Threshold)
[2025-03-27T07:09:16.235+0000][gc,task     ] GC(1) Using 8 workers of 8 for evacuation
[2025-03-27T07:09:16.243+0000][gc,phases   ] GC(1)   Pre Evacuate Collection Set: 0.4ms
[2025-03-27T07:09:16.244+0000][gc,phases   ] GC(1)   Merge Heap Roots: 0.2ms
[2025-03-27T07:09:16.245+0000][gc,phases   ] GC(1)   Evacuate Collection Set: 5.5ms
[2025-03-27T07:09:16.245+0000][gc,phases   ] GC(1)   Post Evacuate Collection Set: 1.5ms
[2025-03-27T07:09:16.246+0000][gc,phases   ] GC(1)   Other: 1.6ms
[2025-03-27T07:09:16.246+0000][gc,heap     ] GC(1) Eden regions: 15->0(49)
[2025-03-27T07:09:16.247+0000][gc,heap     ] GC(1) Survivor regions: 7->2(7)
[2025-03-27T07:09:16.248+0000][gc,heap     ] GC(1) Old regions: 1->8
[2025-03-27T07:09:16.248+0000][gc,heap     ] GC(1) Archive regions: 2->2
[2025-03-27T07:09:16.249+0000][gc,heap     ] GC(1) Humongous regions: 0->0
[2025-03-27T07:09:16.250+0000][gc,metaspace] GC(1) Metaspace: 21362K(21504K)->21362K(21504K) NonClass: 18670K(18752K)->18670K(18752K) Class: 2692K(2752K)->2692K(2752K)
[2025-03-27T07:09:16.250+0000][gc          ] GC(1) Pause Young (Concurrent Start) (Metadata GC Threshold) 23M->9M(1024M) 16.055ms
[2025-03-27T07:09:16.251+0000][gc,cpu      ] GC(1) User=0.04s Sys=0.01s Real=0.01s
[2025-03-27T07:09:16.251+0000][gc          ] GC(2) Concurrent Mark Cycle
[2025-03-27T07:09:16.252+0000][gc,marking  ] GC(2) Concurrent Clear Claimed Marks
[2025-03-27T07:09:16.252+0000][gc,marking  ] GC(2) Concurrent Clear Claimed Marks 0.266ms
[2025-03-27T07:09:16.253+0000][gc,marking  ] GC(2) Concurrent Scan Root Regions
[2025-03-27T07:09:16.255+0000][gc,marking  ] GC(2) Concurrent Scan Root Regions 2.818ms
[2025-03-27T07:09:16.256+0000][gc,marking  ] GC(2) Concurrent Mark
[2025-03-27T07:09:16.257+0000][gc,marking  ] GC(2) Concurrent Mark From Roots
[2025-03-27T07:09:16.257+0000][gc,task     ] GC(2) Using 2 workers of 2 for marking
[2025-03-27T07:09:16.260+0000][gc,marking  ] GC(2) Concurrent Mark From Roots 2.689ms
[2025-03-27T07:09:16.260+0000][gc,marking  ] GC(2) Concurrent Preclean
[2025-03-27T07:09:16.261+0000][gc,marking  ] GC(2) Concurrent Preclean 0.370ms
[2025-03-27T07:09:16.261+0000][gc,start    ] GC(2) Pause Remark
[2025-03-27T07:09:16.265+0000][gc          ] GC(2) Pause Remark 10M->10M(1024M) 3.318ms
[2025-03-27T07:09:16.266+0000][gc,cpu      ] GC(2) User=0.01s Sys=0.00s Real=0.01s
[2025-03-27T07:09:16.267+0000][gc,marking  ] GC(2) Concurrent Mark 10.491ms
[2025-03-27T07:09:16.267+0000][gc,marking  ] GC(2) Concurrent Rebuild Remembered Sets
[2025-03-27T07:09:16.270+0000][gc,marking  ] GC(2) Concurrent Rebuild Remembered Sets 2.555ms
[2025-03-27T07:09:16.271+0000][gc,start    ] GC(2) Pause Cleanup
[2025-03-27T07:09:16.272+0000][gc          ] GC(2) Pause Cleanup 10M->10M(1024M) 0.967ms
[2025-03-27T07:09:16.273+0000][gc,cpu      ] GC(2) User=0.00s Sys=0.00s Real=0.00s
[2025-03-27T07:09:16.273+0000][gc,marking  ] GC(2) Concurrent Cleanup for Next Mark
[2025-03-27T07:09:16.278+0000][gc,marking  ] GC(2) Concurrent Cleanup for Next Mark 4.766ms
[2025-03-27T07:09:16.279+0000][gc          ] GC(2) Concurrent Mark Cycle 27.296ms
[2025-03-27T07:09:17.017+0000][gc,start    ] GC(3) Pause Young (Normal) (G1 Evacuation Pause)
[2025-03-27T07:09:17.018+0000][gc,task     ] GC(3) Using 8 workers of 8 for evacuation
[2025-03-27T07:09:17.024+0000][gc,phases   ] GC(3)   Pre Evacuate Collection Set: 0.4ms
[2025-03-27T07:09:17.024+0000][gc,phases   ] GC(3)   Merge Heap Roots: 0.1ms
[2025-03-27T07:09:17.024+0000][gc,phases   ] GC(3)   Evacuate Collection Set: 4.3ms
[2025-03-27T07:09:17.025+0000][gc,phases   ] GC(3)   Post Evacuate Collection Set: 0.7ms
[2025-03-27T07:09:17.025+0000][gc,phases   ] GC(3)   Other: 1.0ms
[2025-03-27T07:09:17.026+0000][gc,heap     ] GC(3) Eden regions: 49->0(45)
[2025-03-27T07:09:17.027+0000][gc,heap     ] GC(3) Survivor regions: 2->6(7)
[2025-03-27T07:09:17.027+0000][gc,heap     ] GC(3) Old regions: 8->8
[2025-03-27T07:09:17.028+0000][gc,heap     ] GC(3) Archive regions: 2->2
[2025-03-27T07:09:17.028+0000][gc,heap     ] GC(3) Humongous regions: 129->129
[2025-03-27T07:09:17.029+0000][gc,metaspace] GC(3) Metaspace: 32778K(33088K)->32778K(33088K) NonClass: 28965K(29120K)->28965K(29120K) Class: 3812K(3968K)->3812K(3968K)
[2025-03-27T07:09:17.029+0000][gc          ] GC(3) Pause Young (Normal) (G1 Evacuation Pause) 187M->143M(1024M) 12.105ms
[2025-03-27T07:09:17.030+0000][gc,cpu      ] GC(3) User=0.02s Sys=0.00s Real=0.01s
[2025-03-27T07:09:17.213+0000][gc,start    ] GC(4) Pause Young (Concurrent Start) (Metadata GC Threshold)
[2025-03-27T07:09:17.214+0000][gc,task     ] GC(4) Using 8 workers of 8 for evacuation
[2025-03-27T07:09:17.222+0000][gc,phases   ] GC(4)   Pre Evacuate Collection Set: 0.2ms
[2025-03-27T07:09:17.223+0000][gc,phases   ] GC(4)   Merge Heap Roots: 0.2ms
[2025-03-27T07:09:17.223+0000][gc,phases   ] GC(4)   Evacuate Collection Set: 6.3ms
[2025-03-27T07:09:17.223+0000][gc,phases   ] GC(4)   Post Evacuate Collection Set: 0.8ms
[2025-03-27T07:09:17.224+0000][gc,phases   ] GC(4)   Other: 1.3ms
[2025-03-27T07:09:17.224+0000][gc,heap     ] GC(4) Eden regions: 15->0(49)
[2025-03-27T07:09:17.224+0000][gc,heap     ] GC(4) Survivor regions: 6->2(7)
[2025-03-27T07:09:17.225+0000][gc,heap     ] GC(4) Old regions: 8->14
[2025-03-27T07:09:17.225+0000][gc,heap     ] GC(4) Archive regions: 2->2
[2025-03-27T07:09:17.226+0000][gc,heap     ] GC(4) Humongous regions: 129->129
[2025-03-27T07:09:17.226+0000][gc,metaspace] GC(4) Metaspace: 36005K(36288K)->36005K(36288K) NonClass: 31745K(31872K)->31745K(31872K) Class: 4259K(4416K)->4259K(4416K)
[2025-03-27T07:09:17.227+0000][gc          ] GC(4) Pause Young (Concurrent Start) (Metadata GC Threshold) 157M->144M(1024M) 13.186ms
[2025-03-27T07:09:17.227+0000][gc,cpu      ] GC(4) User=0.05s Sys=0.00s Real=0.02s
[2025-03-27T07:09:17.227+0000][gc          ] GC(5) Concurrent Mark Cycle
[2025-03-27T07:09:17.228+0000][gc,marking  ] GC(5) Concurrent Clear Claimed Marks
[2025-03-27T07:09:17.228+0000][gc,marking  ] GC(5) Concurrent Clear Claimed Marks 0.457ms
[2025-03-27T07:09:17.228+0000][gc,marking  ] GC(5) Concurrent Scan Root Regions
[2025-03-27T07:09:17.231+0000][gc,marking  ] GC(5) Concurrent Scan Root Regions 2.882ms
[2025-03-27T07:09:17.232+0000][gc,marking  ] GC(5) Concurrent Mark
[2025-03-27T07:09:17.232+0000][gc,marking  ] GC(5) Concurrent Mark From Roots
[2025-03-27T07:09:17.232+0000][gc,task     ] GC(5) Using 2 workers of 2 for marking
[2025-03-27T07:09:17.240+0000][gc,marking  ] GC(5) Concurrent Mark From Roots 7.585ms
[2025-03-27T07:09:17.240+0000][gc,marking  ] GC(5) Concurrent Preclean
[2025-03-27T07:09:17.241+0000][gc,marking  ] GC(5) Concurrent Preclean 0.391ms
[2025-03-27T07:09:17.241+0000][gc,start    ] GC(5) Pause Remark
[2025-03-27T07:09:17.244+0000][gc          ] GC(5) Pause Remark 145M->145M(1024M) 3.008ms
[2025-03-27T07:09:17.245+0000][gc,cpu      ] GC(5) User=0.02s Sys=0.00s Real=0.01s
[2025-03-27T07:09:17.245+0000][gc,marking  ] GC(5) Concurrent Mark 13.555ms
[2025-03-27T07:09:17.245+0000][gc,marking  ] GC(5) Concurrent Rebuild Remembered Sets
[2025-03-27T07:09:17.250+0000][gc,marking  ] GC(5) Concurrent Rebuild Remembered Sets 5.008ms
[2025-03-27T07:09:17.251+0000][gc,start    ] GC(5) Pause Cleanup
[2025-03-27T07:09:17.252+0000][gc          ] GC(5) Pause Cleanup 145M->145M(1024M) 0.654ms
[2025-03-27T07:09:17.252+0000][gc,cpu      ] GC(5) User=0.00s Sys=0.00s Real=0.00s
[2025-03-27T07:09:17.253+0000][gc,marking  ] GC(5) Concurrent Cleanup for Next Mark
[2025-03-27T07:09:17.257+0000][gc,marking  ] GC(5) Concurrent Cleanup for Next Mark 4.548ms
[2025-03-27T07:09:17.257+0000][gc          ] GC(5) Concurrent Mark Cycle 30.258ms
[2025-03-27T07:10:52.225+0000][gc,heap,exit] Heap
[2025-03-27T07:10:52.226+0000][gc,heap,exit]  garbage-first heap   total 1048576K, used 173161K [0x00000000c0000000, 0x0000000100000000)
[2025-03-27T07:10:52.226+0000][gc,heap,exit]   region size 1024K, 27 young (27648K), 2 survivors (2048K)
[2025-03-27T07:10:52.227+0000][gc,heap,exit]  Metaspace       used 39397K, committed 39936K, reserved 1114112K
[2025-03-27T07:10:52.227+0000][gc,heap,exit]   class space    used 4906K, committed 5120K, reserved 1048576K
