[2025-03-25T07:35:04.242+0000][gc] Using G1
[2025-03-25T07:35:04.248+0000][gc,init] Version: 17.0.14+7 (release)
[2025-03-25T07:35:04.248+0000][gc,init] CPUs: 8 total, 8 available
[2025-03-25T07:35:04.249+0000][gc,init] Memory: 7817M
[2025-03-25T07:35:04.249+0000][gc,init] Large Page Support: Disabled
[2025-03-25T07:35:04.249+0000][gc,init] NUMA Support: Disabled
[2025-03-25T07:35:04.249+0000][gc,init] Compressed Oops: Enabled (32-bit)
[2025-03-25T07:35:04.249+0000][gc,init] Heap Region Size: 1M
[2025-03-25T07:35:04.250+0000][gc,init] Heap Min Capacity: 1G
[2025-03-25T07:35:04.250+0000][gc,init] Heap Initial Capacity: 1G
[2025-03-25T07:35:04.250+0000][gc,init] Heap Max Capacity: 1G
[2025-03-25T07:35:04.250+0000][gc,init] Pre-touch: Disabled
[2025-03-25T07:35:04.251+0000][gc,init] Parallel Workers: 8
[2025-03-25T07:35:04.251+0000][gc,init] Concurrent Workers: 2
[2025-03-25T07:35:04.251+0000][gc,init] Concurrent Refinement Workers: 8
[2025-03-25T07:35:04.251+0000][gc,init] Periodic GC: Disabled
[2025-03-25T07:35:04.255+0000][gc,metaspace] CDS archive(s) mapped at: [0x00007f7033000000-0x00007f7033a60000-0x00007f7033a60000), size 10878976, SharedBaseAddress: 0x00007f7033000000, ArchiveRelocationMode: 1.
[2025-03-25T07:35:04.256+0000][gc,metaspace] Compressed class space mapped at: 0x00007f7034000000-0x00007f7074000000, reserved size: 1073741824
[2025-03-25T07:35:04.256+0000][gc,metaspace] Narrow klass base: 0x00007f7033000000, Narrow klass shift: 0, Narrow klass range: 0x100000000
[2025-03-25T07:35:04.995+0000][gc,start    ] GC(0) Pause Young (Normal) (G1 Evacuation Pause)
[2025-03-25T07:35:04.997+0000][gc,task     ] GC(0) Using 8 workers of 8 for evacuation
[2025-03-25T07:35:05.005+0000][gc,phases   ] GC(0)   Pre Evacuate Collection Set: 0.2ms
[2025-03-25T07:35:05.006+0000][gc,phases   ] GC(0)   Merge Heap Roots: 0.1ms
[2025-03-25T07:35:05.006+0000][gc,phases   ] GC(0)   Evacuate Collection Set: 6.8ms
[2025-03-25T07:35:05.006+0000][gc,phases   ] GC(0)   Post Evacuate Collection Set: 1.0ms
[2025-03-25T07:35:05.007+0000][gc,phases   ] GC(0)   Other: 2.4ms
[2025-03-25T07:35:05.007+0000][gc,heap     ] GC(0) Eden regions: 51->0(44)
[2025-03-25T07:35:05.007+0000][gc,heap     ] GC(0) Survivor regions: 0->7(7)
[2025-03-25T07:35:05.008+0000][gc,heap     ] GC(0) Old regions: 0->2
[2025-03-25T07:35:05.008+0000][gc,heap     ] GC(0) Archive regions: 2->2
[2025-03-25T07:35:05.009+0000][gc,heap     ] GC(0) Humongous regions: 0->0
[2025-03-25T07:35:05.009+0000][gc,metaspace] GC(0) Metaspace: 17598K(17792K)->17598K(17792K) NonClass: 15407K(15488K)->15407K(15488K) Class: 2190K(2304K)->2190K(2304K)
[2025-03-25T07:35:05.009+0000][gc          ] GC(0) Pause Young (Normal) (G1 Evacuation Pause) 51M->8M(1024M) 14.275ms
[2025-03-25T07:35:05.010+0000][gc,cpu      ] GC(0) User=0.04s Sys=0.01s Real=0.02s
[2025-03-25T07:35:05.221+0000][gc,start    ] GC(1) Pause Young (Concurrent Start) (Metadata GC Threshold)
[2025-03-25T07:35:05.221+0000][gc,task     ] GC(1) Using 8 workers of 8 for evacuation
[2025-03-25T07:35:05.228+0000][gc,phases   ] GC(1)   Pre Evacuate Collection Set: 0.2ms
[2025-03-25T07:35:05.229+0000][gc,phases   ] GC(1)   Merge Heap Roots: 0.1ms
[2025-03-25T07:35:05.229+0000][gc,phases   ] GC(1)   Evacuate Collection Set: 5.6ms
[2025-03-25T07:35:05.229+0000][gc,phases   ] GC(1)   Post Evacuate Collection Set: 0.6ms
[2025-03-25T07:35:05.230+0000][gc,phases   ] GC(1)   Other: 0.6ms
[2025-03-25T07:35:05.230+0000][gc,heap     ] GC(1) Eden regions: 15->0(49)
[2025-03-25T07:35:05.230+0000][gc,heap     ] GC(1) Survivor regions: 7->2(7)
[2025-03-25T07:35:05.231+0000][gc,heap     ] GC(1) Old regions: 2->8
[2025-03-25T07:35:05.231+0000][gc,heap     ] GC(1) Archive regions: 2->2
[2025-03-25T07:35:05.231+0000][gc,heap     ] GC(1) Humongous regions: 0->0
[2025-03-25T07:35:05.232+0000][gc,metaspace] GC(1) Metaspace: 21364K(21504K)->21364K(21504K) NonClass: 18672K(18752K)->18672K(18752K) Class: 2691K(2752K)->2691K(2752K)
[2025-03-25T07:35:05.232+0000][gc          ] GC(1) Pause Young (Concurrent Start) (Metadata GC Threshold) 23M->9M(1024M) 10.964ms
[2025-03-25T07:35:05.232+0000][gc,cpu      ] GC(1) User=0.02s Sys=0.03s Real=0.01s
[2025-03-25T07:35:05.232+0000][gc          ] GC(2) Concurrent Mark Cycle
[2025-03-25T07:35:05.233+0000][gc,marking  ] GC(2) Concurrent Clear Claimed Marks
[2025-03-25T07:35:05.233+0000][gc,marking  ] GC(2) Concurrent Clear Claimed Marks 0.221ms
[2025-03-25T07:35:05.233+0000][gc,marking  ] GC(2) Concurrent Scan Root Regions
[2025-03-25T07:35:05.235+0000][gc,marking  ] GC(2) Concurrent Scan Root Regions 1.655ms
[2025-03-25T07:35:05.235+0000][gc,marking  ] GC(2) Concurrent Mark
[2025-03-25T07:35:05.235+0000][gc,marking  ] GC(2) Concurrent Mark From Roots
[2025-03-25T07:35:05.235+0000][gc,task     ] GC(2) Using 2 workers of 2 for marking
[2025-03-25T07:35:05.237+0000][gc,marking  ] GC(2) Concurrent Mark From Roots 1.697ms
[2025-03-25T07:35:05.237+0000][gc,marking  ] GC(2) Concurrent Preclean
[2025-03-25T07:35:05.237+0000][gc,marking  ] GC(2) Concurrent Preclean 0.192ms
[2025-03-25T07:35:05.238+0000][gc,start    ] GC(2) Pause Remark
[2025-03-25T07:35:05.239+0000][gc          ] GC(2) Pause Remark 10M->10M(1024M) 1.939ms
[2025-03-25T07:35:05.240+0000][gc,cpu      ] GC(2) User=0.00s Sys=0.00s Real=0.00s
[2025-03-25T07:35:05.240+0000][gc,marking  ] GC(2) Concurrent Mark 5.353ms
[2025-03-25T07:35:05.240+0000][gc,marking  ] GC(2) Concurrent Rebuild Remembered Sets
[2025-03-25T07:35:05.243+0000][gc,marking  ] GC(2) Concurrent Rebuild Remembered Sets 2.460ms
[2025-03-25T07:35:05.243+0000][gc,start    ] GC(2) Pause Cleanup
[2025-03-25T07:35:05.244+0000][gc          ] GC(2) Pause Cleanup 10M->10M(1024M) 0.528ms
[2025-03-25T07:35:05.244+0000][gc,cpu      ] GC(2) User=0.00s Sys=0.00s Real=0.00s
[2025-03-25T07:35:05.244+0000][gc,marking  ] GC(2) Concurrent Cleanup for Next Mark
[2025-03-25T07:35:05.248+0000][gc,marking  ] GC(2) Concurrent Cleanup for Next Mark 3.791ms
[2025-03-25T07:35:05.249+0000][gc          ] GC(2) Concurrent Mark Cycle 16.205ms
[2025-03-25T07:35:05.873+0000][gc,heap,exit] Heap
[2025-03-25T07:35:05.874+0000][gc,heap,exit]  garbage-first heap   total 1048576K, used 191104K [0x00000000c0000000, 0x0000000100000000)
[2025-03-25T07:35:05.874+0000][gc,heap,exit]   region size 1024K, 50 young (51200K), 2 survivors (2048K)
[2025-03-25T07:35:05.874+0000][gc,heap,exit]  Metaspace       used 31146K, committed 31488K, reserved 1114112K
[2025-03-25T07:35:05.874+0000][gc,heap,exit]   class space    used 3741K, committed 3904K, reserved 1048576K
