[2025-03-25T06:15:24.987+0000][gc] Using G1
[2025-03-25T06:15:24.991+0000][gc,init] Version: 17.0.14+7 (release)
[2025-03-25T06:15:24.992+0000][gc,init] CPUs: 8 total, 8 available
[2025-03-25T06:15:24.992+0000][gc,init] Memory: 7817M
[2025-03-25T06:15:24.992+0000][gc,init] Large Page Support: Disabled
[2025-03-25T06:15:24.992+0000][gc,init] NUMA Support: Disabled
[2025-03-25T06:15:24.992+0000][gc,init] Compressed Oops: Enabled (32-bit)
[2025-03-25T06:15:24.992+0000][gc,init] Heap Region Size: 1M
[2025-03-25T06:15:24.993+0000][gc,init] Heap Min Capacity: 1G
[2025-03-25T06:15:24.993+0000][gc,init] Heap Initial Capacity: 1G
[2025-03-25T06:15:24.993+0000][gc,init] Heap Max Capacity: 1G
[2025-03-25T06:15:24.993+0000][gc,init] Pre-touch: Disabled
[2025-03-25T06:15:24.993+0000][gc,init] Parallel Workers: 8
[2025-03-25T06:15:24.993+0000][gc,init] Concurrent Workers: 2
[2025-03-25T06:15:24.994+0000][gc,init] Concurrent Refinement Workers: 8
[2025-03-25T06:15:24.994+0000][gc,init] Periodic GC: Disabled
[2025-03-25T06:15:24.998+0000][gc,metaspace] CDS archive(s) mapped at: [0x00007f02a7000000-0x00007f02a7a60000-0x00007f02a7a60000), size 10878976, SharedBaseAddress: 0x00007f02a7000000, ArchiveRelocationMode: 1.
[2025-03-25T06:15:24.998+0000][gc,metaspace] Compressed class space mapped at: 0x00007f02a8000000-0x00007f02e8000000, reserved size: 1073741824
[2025-03-25T06:15:24.998+0000][gc,metaspace] Narrow klass base: 0x00007f02a7000000, Narrow klass shift: 0, Narrow klass range: 0x100000000
[2025-03-25T06:15:25.666+0000][gc,start    ] GC(0) Pause Young (Normal) (G1 Evacuation Pause)
[2025-03-25T06:15:25.668+0000][gc,task     ] GC(0) Using 8 workers of 8 for evacuation
[2025-03-25T06:15:25.676+0000][gc,phases   ] GC(0)   Pre Evacuate Collection Set: 0.2ms
[2025-03-25T06:15:25.677+0000][gc,phases   ] GC(0)   Merge Heap Roots: 0.1ms
[2025-03-25T06:15:25.677+0000][gc,phases   ] GC(0)   Evacuate Collection Set: 6.6ms
[2025-03-25T06:15:25.677+0000][gc,phases   ] GC(0)   Post Evacuate Collection Set: 1.0ms
[2025-03-25T06:15:25.678+0000][gc,phases   ] GC(0)   Other: 2.6ms
[2025-03-25T06:15:25.678+0000][gc,heap     ] GC(0) Eden regions: 51->0(44)
[2025-03-25T06:15:25.678+0000][gc,heap     ] GC(0) Survivor regions: 0->7(7)
[2025-03-25T06:15:25.679+0000][gc,heap     ] GC(0) Old regions: 0->1
[2025-03-25T06:15:25.679+0000][gc,heap     ] GC(0) Archive regions: 2->2
[2025-03-25T06:15:25.679+0000][gc,heap     ] GC(0) Humongous regions: 0->0
[2025-03-25T06:15:25.680+0000][gc,metaspace] GC(0) Metaspace: 17615K(17856K)->17615K(17856K) NonClass: 15423K(15552K)->15423K(15552K) Class: 2191K(2304K)->2191K(2304K)
[2025-03-25T06:15:25.680+0000][gc          ] GC(0) Pause Young (Normal) (G1 Evacuation Pause) 51M->8M(1024M) 14.220ms
[2025-03-25T06:15:25.680+0000][gc,cpu      ] GC(0) User=0.04s Sys=0.02s Real=0.01s
[2025-03-25T06:15:25.901+0000][gc,start    ] GC(1) Pause Young (Concurrent Start) (Metadata GC Threshold)
[2025-03-25T06:15:25.902+0000][gc,task     ] GC(1) Using 8 workers of 8 for evacuation
[2025-03-25T06:15:25.909+0000][gc,phases   ] GC(1)   Pre Evacuate Collection Set: 0.2ms
[2025-03-25T06:15:25.910+0000][gc,phases   ] GC(1)   Merge Heap Roots: 0.1ms
[2025-03-25T06:15:25.910+0000][gc,phases   ] GC(1)   Evacuate Collection Set: 5.9ms
[2025-03-25T06:15:25.910+0000][gc,phases   ] GC(1)   Post Evacuate Collection Set: 0.9ms
[2025-03-25T06:15:25.911+0000][gc,phases   ] GC(1)   Other: 1.2ms
[2025-03-25T06:15:25.911+0000][gc,heap     ] GC(1) Eden regions: 16->0(49)
[2025-03-25T06:15:25.912+0000][gc,heap     ] GC(1) Survivor regions: 7->2(7)
[2025-03-25T06:15:25.912+0000][gc,heap     ] GC(1) Old regions: 1->8
[2025-03-25T06:15:25.912+0000][gc,heap     ] GC(1) Archive regions: 2->2
[2025-03-25T06:15:25.913+0000][gc,heap     ] GC(1) Humongous regions: 129->129
[2025-03-25T06:15:25.913+0000][gc,metaspace] GC(1) Metaspace: 21323K(21504K)->21323K(21504K) NonClass: 18657K(18752K)->18657K(18752K) Class: 2666K(2752K)->2666K(2752K)
[2025-03-25T06:15:25.914+0000][gc          ] GC(1) Pause Young (Concurrent Start) (Metadata GC Threshold) 152M->139M(1024M) 12.639ms
[2025-03-25T06:15:25.914+0000][gc,cpu      ] GC(1) User=0.03s Sys=0.02s Real=0.01s
[2025-03-25T06:15:25.915+0000][gc          ] GC(2) Concurrent Mark Cycle
[2025-03-25T06:15:25.915+0000][gc,marking  ] GC(2) Concurrent Clear Claimed Marks
[2025-03-25T06:15:25.915+0000][gc,marking  ] GC(2) Concurrent Clear Claimed Marks 0.219ms
[2025-03-25T06:15:25.915+0000][gc,marking  ] GC(2) Concurrent Scan Root Regions
[2025-03-25T06:15:25.917+0000][gc,marking  ] GC(2) Concurrent Scan Root Regions 1.968ms
[2025-03-25T06:15:25.918+0000][gc,marking  ] GC(2) Concurrent Mark
[2025-03-25T06:15:25.918+0000][gc,marking  ] GC(2) Concurrent Mark From Roots
[2025-03-25T06:15:25.918+0000][gc,task     ] GC(2) Using 2 workers of 2 for marking
[2025-03-25T06:15:25.920+0000][gc,marking  ] GC(2) Concurrent Mark From Roots 2.340ms
[2025-03-25T06:15:25.921+0000][gc,marking  ] GC(2) Concurrent Preclean
[2025-03-25T06:15:25.921+0000][gc,marking  ] GC(2) Concurrent Preclean 0.447ms
[2025-03-25T06:15:25.922+0000][gc,start    ] GC(2) Pause Remark
[2025-03-25T06:15:25.924+0000][gc          ] GC(2) Pause Remark 140M->140M(1024M) 2.246ms
[2025-03-25T06:15:25.924+0000][gc,cpu      ] GC(2) User=0.00s Sys=0.00s Real=0.00s
[2025-03-25T06:15:25.925+0000][gc,marking  ] GC(2) Concurrent Mark 7.500ms
[2025-03-25T06:15:25.925+0000][gc,marking  ] GC(2) Concurrent Rebuild Remembered Sets
[2025-03-25T06:15:25.927+0000][gc,marking  ] GC(2) Concurrent Rebuild Remembered Sets 1.764ms
[2025-03-25T06:15:25.928+0000][gc,start    ] GC(2) Pause Cleanup
[2025-03-25T06:15:25.928+0000][gc          ] GC(2) Pause Cleanup 140M->140M(1024M) 0.701ms
[2025-03-25T06:15:25.929+0000][gc,cpu      ] GC(2) User=0.00s Sys=0.00s Real=0.00s
[2025-03-25T06:15:25.930+0000][gc,marking  ] GC(2) Concurrent Cleanup for Next Mark
[2025-03-25T06:15:25.933+0000][gc,marking  ] GC(2) Concurrent Cleanup for Next Mark 3.323ms
[2025-03-25T06:15:25.933+0000][gc          ] GC(2) Concurrent Mark Cycle 18.782ms
[2025-03-25T06:15:26.311+0000][gc,start    ] GC(3) Pause Young (Normal) (G1 Evacuation Pause)
[2025-03-25T06:15:26.312+0000][gc,task     ] GC(3) Using 8 workers of 8 for evacuation
[2025-03-25T06:15:26.316+0000][gc,phases   ] GC(3)   Pre Evacuate Collection Set: 0.2ms
[2025-03-25T06:15:26.317+0000][gc,phases   ] GC(3)   Merge Heap Roots: 0.2ms
[2025-03-25T06:15:26.317+0000][gc,phases   ] GC(3)   Evacuate Collection Set: 2.6ms
[2025-03-25T06:15:26.318+0000][gc,phases   ] GC(3)   Post Evacuate Collection Set: 1.0ms
[2025-03-25T06:15:26.318+0000][gc,phases   ] GC(3)   Other: 1.1ms
[2025-03-25T06:15:26.318+0000][gc,heap     ] GC(3) Eden regions: 49->0(44)
[2025-03-25T06:15:26.319+0000][gc,heap     ] GC(3) Survivor regions: 2->7(7)
[2025-03-25T06:15:26.319+0000][gc,heap     ] GC(3) Old regions: 8->8
[2025-03-25T06:15:26.319+0000][gc,heap     ] GC(3) Archive regions: 2->2
[2025-03-25T06:15:26.320+0000][gc,heap     ] GC(3) Humongous regions: 129->129
[2025-03-25T06:15:26.320+0000][gc,metaspace] GC(3) Metaspace: 32805K(33088K)->32805K(33088K) NonClass: 29060K(29248K)->29060K(29248K) Class: 3745K(3840K)->3745K(3840K)
[2025-03-25T06:15:26.321+0000][gc          ] GC(3) Pause Young (Normal) (G1 Evacuation Pause) 188M->143M(1024M) 9.237ms
[2025-03-25T06:15:26.321+0000][gc,cpu      ] GC(3) User=0.01s Sys=0.02s Real=0.01s
[2025-03-25T06:15:32.072+0000][gc,start    ] GC(4) Pause Young (Concurrent Start) (Metadata GC Threshold)
[2025-03-25T06:15:32.072+0000][gc,task     ] GC(4) Using 8 workers of 8 for evacuation
[2025-03-25T06:15:32.085+0000][gc,phases   ] GC(4)   Pre Evacuate Collection Set: 0.3ms
[2025-03-25T06:15:32.085+0000][gc,phases   ] GC(4)   Merge Heap Roots: 0.1ms
[2025-03-25T06:15:32.086+0000][gc,phases   ] GC(4)   Evacuate Collection Set: 10.9ms
[2025-03-25T06:15:32.086+0000][gc,phases   ] GC(4)   Post Evacuate Collection Set: 0.7ms
[2025-03-25T06:15:32.086+0000][gc,phases   ] GC(4)   Other: 1.1ms
[2025-03-25T06:15:32.086+0000][gc,heap     ] GC(4) Eden regions: 15->0(49)
[2025-03-25T06:15:32.086+0000][gc,heap     ] GC(4) Survivor regions: 7->2(7)
[2025-03-25T06:15:32.087+0000][gc,heap     ] GC(4) Old regions: 8->14
[2025-03-25T06:15:32.087+0000][gc,heap     ] GC(4) Archive regions: 2->2
[2025-03-25T06:15:32.087+0000][gc,heap     ] GC(4) Humongous regions: 129->129
[2025-03-25T06:15:32.087+0000][gc,metaspace] GC(4) Metaspace: 35795K(36160K)->35795K(36160K) NonClass: 31508K(31744K)->31508K(31744K) Class: 4286K(4416K)->4286K(4416K)
[2025-03-25T06:15:32.087+0000][gc          ] GC(4) Pause Young (Concurrent Start) (Metadata GC Threshold) 158M->144M(1024M) 15.452ms
[2025-03-25T06:15:32.088+0000][gc,cpu      ] GC(4) User=0.03s Sys=0.05s Real=0.02s
[2025-03-25T06:15:32.088+0000][gc          ] GC(5) Concurrent Mark Cycle
[2025-03-25T06:15:32.088+0000][gc,marking  ] GC(5) Concurrent Clear Claimed Marks
[2025-03-25T06:15:32.088+0000][gc,marking  ] GC(5) Concurrent Clear Claimed Marks 0.251ms
[2025-03-25T06:15:32.089+0000][gc,marking  ] GC(5) Concurrent Scan Root Regions
[2025-03-25T06:15:32.091+0000][gc,marking  ] GC(5) Concurrent Scan Root Regions 2.469ms
[2025-03-25T06:15:32.091+0000][gc,marking  ] GC(5) Concurrent Mark
[2025-03-25T06:15:32.092+0000][gc,marking  ] GC(5) Concurrent Mark From Roots
[2025-03-25T06:15:32.092+0000][gc,task     ] GC(5) Using 2 workers of 2 for marking
[2025-03-25T06:15:32.097+0000][gc,marking  ] GC(5) Concurrent Mark From Roots 5.445ms
[2025-03-25T06:15:32.097+0000][gc,marking  ] GC(5) Concurrent Preclean
[2025-03-25T06:15:32.098+0000][gc,marking  ] GC(5) Concurrent Preclean 0.257ms
[2025-03-25T06:15:32.100+0000][gc,start    ] GC(5) Pause Remark
[2025-03-25T06:15:32.102+0000][gc          ] GC(5) Pause Remark 145M->145M(1024M) 2.202ms
[2025-03-25T06:15:32.103+0000][gc,cpu      ] GC(5) User=0.01s Sys=0.00s Real=0.00s
[2025-03-25T06:15:32.103+0000][gc,marking  ] GC(5) Concurrent Mark 11.578ms
[2025-03-25T06:15:32.103+0000][gc,marking  ] GC(5) Concurrent Rebuild Remembered Sets
[2025-03-25T06:15:32.107+0000][gc,marking  ] GC(5) Concurrent Rebuild Remembered Sets 4.470ms
[2025-03-25T06:15:32.108+0000][gc,start    ] GC(5) Pause Cleanup
[2025-03-25T06:15:32.108+0000][gc          ] GC(5) Pause Cleanup 145M->145M(1024M) 0.401ms
[2025-03-25T06:15:32.109+0000][gc,cpu      ] GC(5) User=0.00s Sys=0.00s Real=0.00s
[2025-03-25T06:15:32.109+0000][gc,marking  ] GC(5) Concurrent Cleanup for Next Mark
[2025-03-25T06:15:32.156+0000][gc,marking  ] GC(5) Concurrent Cleanup for Next Mark 47.312ms
[2025-03-25T06:15:32.156+0000][gc          ] GC(5) Concurrent Mark Cycle 68.618ms
[2025-03-25T06:19:55.577+0000][gc,heap,exit] Heap
[2025-03-25T06:19:55.577+0000][gc,heap,exit]  garbage-first heap   total 1048576K, used 183588K [0x00000000c0000000, 0x0000000100000000)
[2025-03-25T06:19:55.577+0000][gc,heap,exit]   region size 1024K, 37 young (37888K), 2 survivors (2048K)
[2025-03-25T06:19:55.578+0000][gc,heap,exit]  Metaspace       used 40451K, committed 41024K, reserved 1114112K
[2025-03-25T06:19:55.578+0000][gc,heap,exit]   class space    used 4979K, committed 5248K, reserved 1048576K
